Component: Arm Compiler for Embedded 6.19 Tool: armlink [5e73cb00]

==============================================================================

Section Cross References

    main.o(.text.I2C0_Init) refers to sysctl.o(.text.SysCtlPeripheralEnable) for SysCtlPeripheralEnable
    main.o(.text.I2C0_Init) refers to gpio.o(.text.GPIOPinConfigure) for GPIOPinConfigure
    main.o(.text.I2C0_Init) refers to gpio.o(.text.GPIOPinTypeI2CSCL) for GPIOPinTypeI2CSCL
    main.o(.text.I2C0_Init) refers to gpio.o(.text.GPIOPinTypeI2C) for GPIOPinTypeI2C
    main.o(.text.I2C0_Init) refers to sysctl.o(.text.SysCtlClockGet) for SysCtlClockGet
    main.o(.text.I2C0_Init) refers to i2c.o(.text.I2CMasterInitExpClk) for I2CMasterInitExpClk
    main.o(.ARM.exidx.text.I2C0_Init) refers to main.o(.text.I2C0_Init) for [Anonymous Symbol]
    main.o(.text.LCD_SendByte) refers to i2c.o(.text.I2CMasterSlaveAddrSet) for I2CMasterSlaveAddrSet
    main.o(.text.LCD_SendByte) refers to i2c.o(.text.I2CMasterDataPut) for I2CMasterDataPut
    main.o(.text.LCD_SendByte) refers to i2c.o(.text.I2CMasterControl) for I2CMasterControl
    main.o(.text.LCD_SendByte) refers to i2c.o(.text.I2CMasterBusy) for I2CMasterBusy
    main.o(.text.LCD_SendByte) refers to sysctl.o(.text.SysCtlDelay) for SysCtlDelay
    main.o(.ARM.exidx.text.LCD_SendByte) refers to main.o(.text.LCD_SendByte) for [Anonymous Symbol]
    main.o(.text.LCD_Command) refers to main.o(.text.LCD_SendByte) for LCD_SendByte
    main.o(.ARM.exidx.text.LCD_Command) refers to main.o(.text.LCD_Command) for [Anonymous Symbol]
    main.o(.text.LCD_Data) refers to main.o(.text.LCD_SendByte) for LCD_SendByte
    main.o(.ARM.exidx.text.LCD_Data) refers to main.o(.text.LCD_Data) for [Anonymous Symbol]
    main.o(.text.LCD_Init) refers to tasks.o(.text.vTaskDelay) for vTaskDelay
    main.o(.text.LCD_Init) refers to main.o(.text.LCD_SendByte) for LCD_SendByte
    main.o(.ARM.exidx.text.LCD_Init) refers to main.o(.text.LCD_Init) for [Anonymous Symbol]
    main.o(.text.LCD_Display) refers to main.o(.text.LCD_SendByte) for LCD_SendByte
    main.o(.text.LCD_Display) refers to tasks.o(.text.vTaskDelay) for vTaskDelay
    main.o(.ARM.exidx.text.LCD_Display) refers to main.o(.text.LCD_Display) for [Anonymous Symbol]
    main.o(.ARM.exidx.text.Buzzer_Beep) refers to main.o(.text.Buzzer_Beep) for [Anonymous Symbol]
    main.o(.text.ButtonMonitorTask) refers to sysctl.o(.text.SysCtlPeripheralEnable) for SysCtlPeripheralEnable
    main.o(.text.ButtonMonitorTask) refers to gpio.o(.text.GPIOPinTypeGPIOInput) for GPIOPinTypeGPIOInput
    main.o(.text.ButtonMonitorTask) refers to gpio.o(.text.GPIOPadConfigSet) for GPIOPadConfigSet
    main.o(.text.ButtonMonitorTask) refers to main.o(.bss.buttonQueue) for buttonQueue
    main.o(.text.ButtonMonitorTask) refers to tasks.o(.text.vTaskDelay) for vTaskDelay
    main.o(.text.ButtonMonitorTask) refers to gpio.o(.text.GPIOPinRead) for GPIOPinRead
    main.o(.text.ButtonMonitorTask) refers to queue.o(.text.xQueueGenericSend) for xQueueGenericSend
    main.o(.ARM.exidx.text.ButtonMonitorTask) refers to main.o(.text.ButtonMonitorTask) for [Anonymous Symbol]
    main.o(.text.DoorControlTask) refers to sysctl.o(.text.SysCtlPeripheralEnable) for SysCtlPeripheralEnable
    main.o(.text.DoorControlTask) refers to gpio.o(.text.GPIOPinTypeGPIOOutput) for GPIOPinTypeGPIOOutput
    main.o(.text.DoorControlTask) refers to main.o(.bss.buttonQueue) for buttonQueue
    main.o(.text.DoorControlTask) refers to main.o(.bss.lcdMutex) for lcdMutex
    main.o(.text.DoorControlTask) refers to queue.o(.text.xQueueGenericSend) for xQueueGenericSend
    main.o(.text.DoorControlTask) refers to queue.o(.text.xQueueReceive) for xQueueReceive
    main.o(.text.DoorControlTask) refers to queue.o(.text.xQueueSemaphoreTake) for xQueueSemaphoreTake
    main.o(.text.DoorControlTask) refers to gpio.o(.text.GPIOPinWrite) for GPIOPinWrite
    main.o(.text.DoorControlTask) refers to main.o(.text.LCD_SendByte) for LCD_SendByte
    main.o(.text.DoorControlTask) refers to tasks.o(.text.vTaskDelay) for vTaskDelay
    main.o(.ARM.exidx.text.DoorControlTask) refers to main.o(.text.DoorControlTask) for [Anonymous Symbol]
    main.o(.text.main) refers to sysctl.o(.text.SysCtlClockSet) for SysCtlClockSet
    main.o(.text.main) refers to sysctl.o(.text.SysCtlPeripheralEnable) for SysCtlPeripheralEnable
    main.o(.text.main) refers to gpio.o(.text.GPIOPinConfigure) for GPIOPinConfigure
    main.o(.text.main) refers to gpio.o(.text.GPIOPinTypeI2CSCL) for GPIOPinTypeI2CSCL
    main.o(.text.main) refers to gpio.o(.text.GPIOPinTypeI2C) for GPIOPinTypeI2C
    main.o(.text.main) refers to sysctl.o(.text.SysCtlClockGet) for SysCtlClockGet
    main.o(.text.main) refers to i2c.o(.text.I2CMasterInitExpClk) for I2CMasterInitExpClk
    main.o(.text.main) refers to main.o(.text.LCD_Init) for LCD_Init
    main.o(.text.main) refers to queue.o(.text.xQueueGenericCreate) for xQueueGenericCreate
[...]
    ../clib/signal.c                         0x00000000   Number         0  defsig_cppl_inner.o ABSOLUTE
    ../clib/signal.c                         0x00000000   Number         0  defsig_segv_inner.o ABSOLUTE
    ../clib/signal.c                         0x00000000   Number         0  defsig_other.o ABSOLUTE
    ../clib/signal.s                         0x00000000   Number         0  defsig.o ABSOLUTE
    ../clib/stdlib.c                         0x00000000   Number         0  exit.o ABSOLUTE
    ../fplib/fpinit.s                        0x00000000   Number         0  fpinit.o ABSOLUTE
    RTE/Device/TM4C123GH6PM/startup_TM4C123.s 0x00000000   Number         0  startup_tm4c123.o ABSOLUTE
    clib_os.c                                0x00000000   Number         0  clib_os.o ABSOLUTE
    cmsis_os2.c                              0x00000000   Number         0  cmsis_os2.o ABSOLUTE
    cpu.c                                    0x00000000   Number         0  cpu.o ABSOLUTE
    dc.s                                     0x00000000   Number         0  dc.o ABSOLUTE
    debug.c                                  0x00000000   Number         0  debug.o ABSOLUTE
    event_groups.c                           0x00000000   Number         0  event_groups.o ABSOLUTE
    freertos_evr.c                           0x00000000   Number         0  freertos_evr.o ABSOLUTE
    gpio.c                                   0x00000000   Number         0  gpio.o ABSOLUTE
    heap_4.c                                 0x00000000   Number         0  heap_4.o ABSOLUTE
    i2c.c                                    0x00000000   Number         0  i2c.o ABSOLUTE
    interrupt.c                              0x00000000   Number         0  interrupt.o ABSOLUTE
    list.c                                   0x00000000   Number         0  list.o ABSOLUTE
    main.c                                   0x00000000   Number         0  main.o ABSOLUTE
    os_systick.c                             0x00000000   Number         0  os_systick.o ABSOLUTE
    port.c                                   0x00000000   Number         0  port.o ABSOLUTE
    queue.c                                  0x00000000   Number         0  queue.o ABSOLUTE
    retarget_io.c                            0x00000000   Number         0  retarget_io.o ABSOLUTE
    sysctl.c                                 0x00000000   Number         0  sysctl.o ABSOLUTE
    system_TM4C123.c                         0x00000000   Number         0  system_tm4c123.o ABSOLUTE
    tasks.c                                  0x00000000   Number         0  tasks.o ABSOLUTE
    timers.c                                 0x00000000   Number         0  timers.o ABSOLUTE
    RESET                                    0x00000000   Section      620  startup_tm4c123.o(RESET)
    !!!main                                  0x0000026c   Section        8  __main.o(!!!main)
    !!!scatter                               0x00000274   Section       52  __scatter.o(!!!scatter)
    !!handler_copy                           0x000002a8   Section       26  __scatter_copy.o(!!handler_copy)
    !!handler_zi                             0x000002c4   Section       28  __scatter_zi.o(!!handler_zi)
    .ARM.Collect$$libinit$$00000000          0x000002e0   Section        2  libinit.o(.ARM.Collect$$libinit$$00000000)
    .ARM.Collect$$libinit$$00000001          0x000002e2   Section        4  libinit2.o(.ARM.Collect$$libinit$$00000001)
    .ARM.Collect$$libinit$$00000004          0x000002e6   Section        0  libinit2.o(.ARM.Collect$$libinit$$00000004)
    .ARM.Collect$$libinit$$00000006          0x000002e6   Section        0  libinit2.o(.ARM.Collect$$libinit$$00000006)
    .ARM.Collect$$libinit$$0000000C          0x000002e6   Section        0  libinit2.o(.ARM.Collect$$libinit$$0000000C)
    .ARM.Collect$$libinit$$0000000E          0x000002e6   Section        0  libinit2.o(.ARM.Collect$$libinit$$0000000E)
    .ARM.Collect$$libinit$$00000010          0x000002e6   Section        0  libinit2.o(.ARM.Collect$$libinit$$00000010)
    .ARM.Collect$$libinit$$00000013          0x000002e6   Section        0  libinit2.o(.ARM.Collect$$libinit$$00000013)
    .ARM.Collect$$libinit$$00000015          0x000002e6   Section        0  libinit2.o(.ARM.Collect$$libinit$$00000015)
    .ARM.Collect$$libinit$$00000017          0x000002e6   Section        0  libinit2.o(.ARM.Collect$$libinit$$00000017)
    .ARM.Collect$$libinit$$00000019          0x000002e6   Section        0  libinit2.o(.ARM.Collect$$libinit$$00000019)
    .ARM.Collect$$libinit$$0000001B          0x000002e6   Section        0  libinit2.o(.ARM.Collect$$libinit$$0000001B)
    .ARM.Collect$$libinit$$0000001D          0x000002e6   Section        0  libinit2.o(.ARM.Collect$$libinit$$0000001D)
    .ARM.Collect$$libinit$$0000001F          0x000002e6   Section        0  libinit2.o(.ARM.Collect$$libinit$$0000001F)
    .ARM.Collect$$libinit$$00000021          0x000002e6   Section        0  libinit2.o(.ARM.Collect$$libinit$$00000021)
    .ARM.Collect$$libinit$$00000023          0x000002e6   Section        0  libinit2.o(.ARM.Collect$$libinit$$00000023)
    .ARM.Collect$$libinit$$00000025          0x000002e6   Section        0  libinit2.o(.ARM.Collect$$libinit$$00000025)
    .ARM.Collect$$libinit$$00000027          0x000002e6   Section        0  libinit2.o(.ARM.Collect$$libinit$$00000027)
    .ARM.Collect$$libinit$$0000002E          0x000002e6   Section        0  libinit2.o(.ARM.Collect$$libinit$$0000002E)
    .ARM.Collect$$libinit$$00000030          0x000002e6   Section        0  libinit2.o(.ARM.Collect$$libinit$$00000030)
    .ARM.Collect$$libinit$$00000032          0x000002e6   Section        0  libinit2.o(.ARM.Collect$$libinit$$00000032)
    .ARM.Collect$$libinit$$00000034          0x000002e6   Section        0  libinit2.o(.ARM.Collect$$libinit$$00000034)
    .ARM.Collect$$libinit$$00000035          0x000002e6   Section        2  libinit2.o(.ARM.Collect$$libinit$$00000035)
    .ARM.Collect$$libshutdown$$00000000      0x000002e8   Section        2  libshutdown.o(.ARM.Collect$$libshutdown$$00000000)
    .ARM.Collect$$libshutdown$$00000002      0x000002ea   Section        0  libshutdown2.o(.ARM.Collect$$libshutdown$$00000002)
    .ARM.Collect$$libshutdown$$00000004      0x000002ea   Section        0  libshutdown2.o(.ARM.Collect$$libshutdown$$00000004)
    .ARM.Collect$$libshutdown$$00000007      0x000002ea   Section        0  libshutdown2.o(.ARM.Collect$$libshutdown$$00000007)
    .ARM.Collect$$libshutdown$$0000000A      0x000002ea   Section        0  libshutdown2.o(.ARM.Collect$$libshutdown$$0000000A)
    .ARM.Collect$$libshutdown$$0000000C      0x000002ea   Section        0  libshutdown2.o(.ARM.Collect$$libshutdown$$0000000C)
    .ARM.Collect$$libshutdown$$0000000F      0x000002ea   Section        0  libshutdown2.o(.ARM.Collect$$libshutdown$$0000000F)
    .ARM.Collect$$libshutdown$$00000010      0x000002ea   Section        2  libshutdown2.o(.ARM.Collect$$libshutdown$$00000010)
    .ARM.Collect$$rtentry$$00000000          0x000002ec   Section        0  __rtentry.o(.ARM.Collect$$rtentry$$00000000)
    .ARM.Collect$$rtentry$$00000002          0x000002ec   Section        0  __rtentry2.o(.ARM.Collect$$rtentry$$00000002)
    .ARM.Collect$$rtentry$$00000004          0x000002ec   Section        6  __rtentry4.o(.ARM.Collect$$rtentry$$00000004)
    .ARM.Collect$$rtentry$$00000008          0x000002f2   Section        8  __rtentry2.o(.ARM.Collect$$rtentry$$00000008)
    .ARM.Collect$$rtentry$$0000000A          0x000002fa   Section        4  __rtentry2.o(.ARM.Collect$$rtentry$$0000000A)
    .ARM.Collect$$rtentry$$0000000C          0x000002fe   Section        0  __rtentry2.o(.ARM.Collect$$rtentry$$0000000C)
    .ARM.Collect$$rtentry$$0000000D          0x000002fe   Section        8  __rtentry2.o(.ARM.Collect$$rtentry$$0000000D)
    .ARM.Collect$$rtexit$$00000000           0x00000306   Section        2  rtexit.o(.ARM.Collect$$rtexit$$00000000)
    .ARM.Collect$$rtexit$$00000002           0x00000308   Section        0  rtexit2.o(.ARM.Collect$$rtexit$$00000002)
    .ARM.Collect$$rtexit$$00000003           0x00000308   Section        4  rtexit2.o(.ARM.Collect$$rtexit$$00000003)
    .ARM.Collect$$rtexit$$00000004           0x0000030c   Section        6  rtexit2.o(.ARM.Collect$$rtexit$$00000004)
    $v0                                      0x00000314   Number         0  startup_tm4c123.o(.text)
    .text                                    0x00000314   Section      276  startup_tm4c123.o(.text)
    .text                                    0x00000428   Section      138  rt_memcpy_v6.o(.text)
    .text                                    0x000004b2   Section       16  aeabi_memset4.o(.text)
    .text                                    0x000004c2   Section       68  rt_memclr.o(.text)
    .text                                    0x00000506   Section       78  rt_memclr_w.o(.text)
    .text                                    0x00000554   Section        0  heapauxi.o(.text)
    .text                                    0x0000055a   Section      100  rt_memcpy_w.o(.text)
    .text                                    0x000005be   Section       74  sys_stackheap_outer.o(.text)
    .text                                    0x00000608   Section        0  exit.o(.text)
    .text                                    0x0000061c   Section        8  libspace.o(.text)
    .text                                    0x00000624   Section        0  sys_exit.o(.text)
    .text                                    0x00000630   Section        2  use_no_semi.o(.text)
    .text                                    0x00000632   Section        0  indicate_semi.o(.text)
    [Anonymous Symbol]                       0x00000634   Section        0  clib_os.o(.text.$Sub$$_fp_init)
    [Anonymous Symbol]                       0x0000064c   Section        0  main.o(.text.ButtonMonitorTask)
    [Anonymous Symbol]                       0x0000070c   Section        0  main.o(.text.DoorControlTask)
    [Anonymous Symbol]                       0x000007fc   Section        0  gpio.o(.text.GPIOPadConfigSet)
    [Anonymous Symbol]                       0x00000978   Section        0  gpio.o(.text.GPIOPinConfigure)
    [Anonymous Symbol]                       0x000009bc   Section        0  gpio.o(.text.GPIOPinRead)
    [Anonymous Symbol]                       0x000009c4   Section        0  gpio.o(.text.GPIOPinTypeGPIOInput)
    [Anonymous Symbol]                       0x000009e4   Section        0  gpio.o(.text.GPIOPinTypeGPIOOutput)
    [Anonymous Symbol]                       0x00000a08   Section        0  gpio.o(.text.GPIOPinTypeI2C)
    [Anonymous Symbol]                       0x00000a28   Section        0  gpio.o(.text.GPIOPinTypeI2CSCL)
    [Anonymous Symbol]                       0x00000a48   Section        0  gpio.o(.text.GPIOPinWrite)
    [Anonymous Symbol]                       0x00000a50   Section        0  i2c.o(.text.I2CMasterBusy)
    [Anonymous Symbol]                       0x00000a58   Section        0  i2c.o(.text.I2CMasterControl)
    [Anonymous Symbol]                       0x00000a5c   Section        0  i2c.o(.text.I2CMasterDataPut)
    [Anonymous Symbol]                       0x00000a60   Section        0  i2c.o(.text.I2CMasterInitExpClk)
    [Anonymous Symbol]                       0x00000abc   Section        0  i2c.o(.text.I2CMasterSlaveAddrSet)
    [Anonymous Symbol]                       0x00000ac4   Section        0  main.o(.text.LCD_Init)
    [Anonymous Symbol]                       0x00000b24   Section        0  main.o(.text.LCD_SendByte)
    [Anonymous Symbol]                       0x00000bd0   Section        0  port.o(.text.PendSV_Handler)
    pxCurrentTCBConst                        0x00000c30   Number         0  port.o(.text.PendSV_Handler)
    [Anonymous Symbol]                       0x00000c40   Section        0  port.o(.text.SVC_Handler)
    pxCurrentTCBConst2                       0x00000c60   Number         0  port.o(.text.SVC_Handler)
    [Anonymous Symbol]                       0x00000c64   Section        0  sysctl.o(.text.SysCtlClockGet)
    [Anonymous Symbol]                       0x00000db0   Section        0  sysctl.o(.text.SysCtlClockSet)
    [Anonymous Symbol]                       0x00000ecc   Section        0  sysctl.o(.text.SysCtlDelay)
    [Anonymous Symbol]                       0x00000edc   Section        0  sysctl.o(.text.SysCtlPeripheralEnable)
    [Anonymous Symbol]                       0x00000ef8   Section        0  cmsis_os2.o(.text.SysTick_Handler)
    [Anonymous Symbol]                       0x00000f18   Section        0  system_tm4c123.o(.text.SystemInit)
    __tagsym$$used.1                         0x00000f88   Number         0  clib_os.o(.text._mutex_acquire)
    [Anonymous Symbol]                       0x00000f88   Section        0  clib_os.o(.text._mutex_acquire)
    __tagsym$$used.3                         0x00000fac   Number         0  clib_os.o(.text._mutex_free)
    [Anonymous Symbol]                       0x00000fac   Section        0  clib_os.o(.text._mutex_free)
    __tagsym$$used.0                         0x00000fdc   Number         0  clib_os.o(.text._mutex_initialize)
    [Anonymous Symbol]                       0x00000fdc   Section        0  clib_os.o(.text._mutex_initialize)
    __tagsym$$used.2                         0x00001038   Number         0  clib_os.o(.text._mutex_release)
    [Anonymous Symbol]                       0x00001038   Section        0  clib_os.o(.text._mutex_release)
    [Anonymous Symbol]                       0x00001060   Section        0  clib_os.o(.text._platform_post_stackheap_init)
    [Anonymous Symbol]                       0x00001064   Section        0  main.o(.text.main)
    prvAddCurrentTaskToDelayedList           0x00001141   Thumb Code   178  tasks.o(.text.prvAddCurrentTaskToDelayedList)
    [Anonymous Symbol]                       0x00001140   Section        0  tasks.o(.text.prvAddCurrentTaskToDelayedList)
    prvAddNewTaskToReadyList                 0x000011f5   Thumb Code   306  tasks.o(.text.prvAddNewTaskToReadyList)
    [Anonymous Symbol]                       0x000011f4   Section        0  tasks.o(.text.prvAddNewTaskToReadyList)
    prvCheckTasksWaitingTermination          0x00001329   Thumb Code   100  tasks.o(.text.prvCheckTasksWaitingTermination)
    [Anonymous Symbol]                       0x00001328   Section        0  tasks.o(.text.prvCheckTasksWaitingTermination)
    prvIdleTask                              0x0000138d   Thumb Code    42  tasks.o(.text.prvIdleTask)
    [Anonymous Symbol]                       0x0000138c   Section        0  tasks.o(.text.prvIdleTask)
    prvPortStartFirstTask                    0x000013b9   Thumb Code    40  port.o(.text.prvPortStartFirstTask)
    [Anonymous Symbol]                       0x000013b8   Section        0  port.o(.text.prvPortStartFirstTask)
    prvProcessExpiredTimer                   0x000013e1   Thumb Code   130  timers.o(.text.prvProcessExpiredTimer)
    [Anonymous Symbol]                       0x000013e0   Section        0  timers.o(.text.prvProcessExpiredTimer)
    prvTaskExitError                         0x00001465   Thumb Code    34  port.o(.text.prvTaskExitError)
    [Anonymous Symbol]                       0x00001464   Section        0  port.o(.text.prvTaskExitError)
    prvTimerTask                             0x00001489   Thumb Code   570  timers.o(.text.prvTimerTask)
    [Anonymous Symbol]                       0x00001488   Section        0  timers.o(.text.prvTimerTask)
    prvUnlockQueue                           0x000016c5   Thumb Code   116  queue.o(.text.prvUnlockQueue)
    [Anonymous Symbol]                       0x000016c4   Section        0  queue.o(.text.prvUnlockQueue)
    [Anonymous Symbol]                       0x00001738   Section        0  heap_4.o(.text.pvPortMalloc)
    [Anonymous Symbol]                       0x00001878   Section        0  tasks.o(.text.pvTaskIncrementMutexHeldCount)
    [Anonymous Symbol]                       0x00001890   Section        0  port.o(.text.pxPortInitialiseStack)
    [Anonymous Symbol]                       0x000018b8   Section        0  list.o(.text.uxListRemove)
    [Anonymous Symbol]                       0x000018dc   Section        0  tasks.o(.text.vApplicationGetTimerTaskMemory)
    [Anonymous Symbol]                       0x000018f8   Section        0  cmsis_os2.o(.text.vApplicationStackOverflowHook)
    [Anonymous Symbol]                       0x000018fc   Section        0  list.o(.text.vListInitialise)
    [Anonymous Symbol]                       0x00001914   Section        0  list.o(.text.vListInitialiseItem)
    [Anonymous Symbol]                       0x0000191c   Section        0  list.o(.text.vListInsert)
    vPortEnableVFP                           0x00001959   Thumb Code    20  port.o(.text.vPortEnableVFP)
    [Anonymous Symbol]                       0x00001958   Section        0  port.o(.text.vPortEnableVFP)
    [Anonymous Symbol]                       0x0000196c   Section        0  port.o(.text.vPortEnterCritical)
    [Anonymous Symbol]                       0x0000198c   Section        0  port.o(.text.vPortExitCritical)
    [Anonymous Symbol]                       0x000019a8   Section        0  heap_4.o(.text.vPortFree)
    [Anonymous Symbol]                       0x00001a48   Section        0  port.o(.text.vPortSetupTimerInterrupt)
    [Anonymous Symbol]                       0x00001a7c   Section        0  queue.o(.text.vQueueDelete)
    [Anonymous Symbol]                       0x00001a8c   Section        0  queue.o(.text.vQueueWaitForMessageRestricted)
    [Anonymous Symbol]                       0x00001ad4   Section        0  tasks.o(.text.vTaskDelay)
    [Anonymous Symbol]                       0x00001b78   Section        0  tasks.o(.text.vTaskInternalSetTimeOutState)
    [Anonymous Symbol]                       0x00001b94   Section        0  tasks.o(.text.vTaskMissedYield)
    [Anonymous Symbol]                       0x00001ba4   Section        0  tasks.o(.text.vTaskPlaceOnEventList)
    [Anonymous Symbol]                       0x00001bc4   Section        0  tasks.o(.text.vTaskPlaceOnEventListRestricted)
    [Anonymous Symbol]                       0x00001c18   Section        0  tasks.o(.text.vTaskPriorityDisinheritAfterTimeout)
    [Anonymous Symbol]                       0x00001c98   Section        0  tasks.o(.text.vTaskStartScheduler)
    [Anonymous Symbol]                       0x00001d84   Section        0  tasks.o(.text.vTaskSuspendAll)
    __tagsym$$used.0                         0x00001d94   Number         0  tasks.o(.text.vTaskSwitchContext)
    [Anonymous Symbol]                       0x00001d94   Section        0  tasks.o(.text.vTaskSwitchContext)
    [Anonymous Symbol]                       0x00001e40   Section        0  port.o(.text.xPortStartScheduler)
    [Anonymous Symbol]                       0x00001ea8   Section        0  port.o(.text.xPortSysTickHandler)
    [Anonymous Symbol]                       0x00001ed8   Section        0  queue.o(.text.xQueueCreateMutex)
    [Anonymous Symbol]                       0x00001f00   Section        0  queue.o(.text.xQueueCreateMutexStatic)
    [Anonymous Symbol]                       0x00001f78   Section        0  queue.o(.text.xQueueGenericCreate)
    [Anonymous Symbol]                       0x00002000   Section        0  queue.o(.text.xQueueGenericCreateStatic)
    [Anonymous Symbol]                       0x00002080   Section        0  queue.o(.text.xQueueGenericSend)
    [Anonymous Symbol]                       0x00002224   Section        0  queue.o(.text.xQueueReceive)
    [Anonymous Symbol]                       0x00002370   Section        0  queue.o(.text.xQueueSemaphoreTake)
    [Anonymous Symbol]                       0x000024f0   Section        0  tasks.o(.text.xTaskCheckForTimeOut)
    [Anonymous Symbol]                       0x00002574   Section        0  tasks.o(.text.xTaskCreate)
    [Anonymous Symbol]                       0x0000264c   Section        0  tasks.o(.text.xTaskCreateStatic)
    [Anonymous Symbol]                       0x000026f4   Section        0  tasks.o(.text.xTaskGetSchedulerState)
    [Anonymous Symbol]                       0x0000271c   Section        0  tasks.o(.text.xTaskGetTickCount)
    [Anonymous Symbol]                       0x00002728   Section        0  tasks.o(.text.xTaskIncrementTick)
    [Anonymous Symbol]                       0x000028c0   Section        0  tasks.o(.text.xTaskPriorityDisinherit)
    [Anonymous Symbol]                       0x00002930   Section        0  tasks.o(.text.xTaskPriorityInherit)
    [Anonymous Symbol]                       0x000029d8   Section        0  tasks.o(.text.xTaskRemoveFromEventList)
    [Anonymous Symbol]                       0x00002ab0   Section        0  tasks.o(.text.xTaskResumeAll)
    [Anonymous Symbol]                       0x00002c24   Section        0  timers.o(.text.xTimerCreateTimerTask)
    $v0                                      0x00002cdc   Number         0  fpinit.o(x$fpl$fpinit)
    x$fpl$fpinit                             0x00002cdc   Section       26  fpinit.o(x$fpl$fpinit)
    g_pui32GPIOBaseAddrs                     0x00002cf8   Data         144  gpio.o(.rodata.g_pui32GPIOBaseAddrs)
    [Anonymous Symbol]                       0x00002cf8   Section        0  gpio.o(.rodata.g_pui32GPIOBaseAddrs)
    g_pui32Xtals                             0x00002d88   Data         108  sysctl.o(.rodata.g_pui32Xtals)
    [Anonymous Symbol]                       0x00002d88   Section        0  sysctl.o(.rodata.g_pui32Xtals)
    uxTopUsedPriority                        0x00002df4   Data           4  tasks.o(.rodata.uxTopUsedPriority)
    [Anonymous Symbol]                       0x00002df4   Section        0  tasks.o(.rodata.uxTopUsedPriority)
    uxCriticalNesting                        0x20000004   Data           4  port.o(.data.uxCriticalNesting)
    [Anonymous Symbol]                       0x20000004   Section        0  port.o(.data.uxCriticalNesting)
    .bss                                     0x20000008   Section       96  libspace.o(.bss)
    clib_mutex_cb                            0x2000006c   Data         400  clib_os.o(.bss.clib_mutex_cb)
    [Anonymous Symbol]                       0x2000006c   Section        0  clib_os.o(.bss.clib_mutex_cb)
    clib_mutex_id                            0x200001fc   Data          20  clib_os.o(.bss.clib_mutex_id)
    [Anonymous Symbol]                       0x200001fc   Section        0  clib_os.o(.bss.clib_mutex_id)
    prvCheckForValidListAndQueue.ucStaticTimerQueueStorage 0x20000214   Data          80  timers.o(.bss.prvCheckForValidListAndQueue.ucStaticTimerQueueStorage)
    [Anonymous Symbol]                       0x20000214   Section        0  timers.o(.bss.prvCheckForValidListAndQueue.ucStaticTimerQueueStorage)
    prvCheckForValidListAndQueue.xStaticTimerQueue 0x20000264   Data          80  timers.o(.bss.prvCheckForValidListAndQueue.xStaticTimerQueue)
    [Anonymous Symbol]                       0x20000264   Section        0  timers.o(.bss.prvCheckForValidListAndQueue.xStaticTimerQueue)
    prvSampleTimeNow.xLastTime               0x200002b4   Data           4  timers.o(.bss.prvSampleTimeNow.xLastTime)
    [Anonymous Symbol]                       0x200002b4   Section        0  timers.o(.bss.prvSampleTimeNow.xLastTime)
    __tagsym$$used.1                         0x200002b8   Number         0  tasks.o(.bss.pxCurrentTCB)
    pxCurrentTimerList                       0x200002bc   Data           4  timers.o(.bss.pxCurrentTimerList)
    [Anonymous Symbol]                       0x200002bc   Section        0  timers.o(.bss.pxCurrentTimerList)
    pxDelayedTaskList                        0x200002c0   Data           4  tasks.o(.bss.pxDelayedTaskList)
    [Anonymous Symbol]                       0x200002c0   Section        0  tasks.o(.bss.pxDelayedTaskList)
    pxEnd                                    0x200002c4   Data           4  heap_4.o(.bss.pxEnd)
    [Anonymous Symbol]                       0x200002c4   Section        0  heap_4.o(.bss.pxEnd)
    pxOverflowDelayedTaskList                0x200002c8   Data           4  tasks.o(.bss.pxOverflowDelayedTaskList)
    [Anonymous Symbol]                       0x200002c8   Section        0  tasks.o(.bss.pxOverflowDelayedTaskList)
    pxOverflowTimerList                      0x200002cc   Data           4  timers.o(.bss.pxOverflowTimerList)
    [Anonymous Symbol]                       0x200002cc   Section        0  timers.o(.bss.pxOverflowTimerList)
    pxReadyTasksLists                        0x200002d0   Data        1120  tasks.o(.bss.pxReadyTasksLists)
    [Anonymous Symbol]                       0x200002d0   Section        0  tasks.o(.bss.pxReadyTasksLists)
    ucHeap                                   0x20000730   Data        8192  heap_4.o(.bss.ucHeap)
    [Anonymous Symbol]                       0x20000730   Section        0  heap_4.o(.bss.ucHeap)
    uxCurrentNumberOfTasks                   0x20002730   Data           4  tasks.o(.bss.uxCurrentNumberOfTasks)
    [Anonymous Symbol]                       0x20002730   Section        0  tasks.o(.bss.uxCurrentNumberOfTasks)
    uxDeletedTasksWaitingCleanUp             0x20002734   Data           4  tasks.o(.bss.uxDeletedTasksWaitingCleanUp)
    [Anonymous Symbol]                       0x20002734   Section        0  tasks.o(.bss.uxDeletedTasksWaitingCleanUp)
    uxSchedulerSuspended                     0x20002738   Data           4  tasks.o(.bss.uxSchedulerSuspended)
    [Anonymous Symbol]                       0x20002738   Section        0  tasks.o(.bss.uxSchedulerSuspended)
    uxTaskNumber                             0x2000273c   Data           4  tasks.o(.bss.uxTaskNumber)
    [Anonymous Symbol]                       0x2000273c   Section        0  tasks.o(.bss.uxTaskNumber)
    uxTopReadyPriority                       0x20002740   Data           4  tasks.o(.bss.uxTopReadyPriority)
    [Anonymous Symbol]                       0x20002740   Section        0  tasks.o(.bss.uxTopReadyPriority)
    vApplicationGetIdleTaskMemory.uxIdleTaskStack 0x20002744   Data         512  tasks.o(.bss.vApplicationGetIdleTaskMemory.uxIdleTaskStack)
    [Anonymous Symbol]                       0x20002744   Section        0  tasks.o(.bss.vApplicationGetIdleTaskMemory.uxIdleTaskStack)
    vApplicationGetIdleTaskMemory.xIdleTaskTCB 0x20002944   Data          92  tasks.o(.bss.vApplicationGetIdleTaskMemory.xIdleTaskTCB)
    [Anonymous Symbol]                       0x20002944   Section        0  tasks.o(.bss.vApplicationGetIdleTaskMemory.xIdleTaskTCB)
    vApplicationGetTimerTaskMemory.uxTimerTaskStack 0x200029a0   Data         320  tasks.o(.bss.vApplicationGetTimerTaskMemory.uxTimerTaskStack)
    [Anonymous Symbol]                       0x200029a0   Section        0  tasks.o(.bss.vApplicationGetTimerTaskMemory.uxTimerTaskStack)
    vApplicationGetTimerTaskMemory.xTimerTaskTCB 0x20002ae0   Data          92  tasks.o(.bss.vApplicationGetTimerTaskMemory.xTimerTaskTCB)
    [Anonymous Symbol]                       0x20002ae0   Section        0  tasks.o(.bss.vApplicationGetTimerTaskMemory.xTimerTaskTCB)
    xActiveTimerList1                        0x20002b3c   Data          20  timers.o(.bss.xActiveTimerList1)
    [Anonymous Symbol]                       0x20002b3c   Section        0  timers.o(.bss.xActiveTimerList1)
    xActiveTimerList2                        0x20002b50   Data          20  timers.o(.bss.xActiveTimerList2)
    [Anonymous Symbol]                       0x20002b50   Section        0  timers.o(.bss.xActiveTimerList2)
    xDelayedTaskList1                        0x20002b64   Data          20  tasks.o(.bss.xDelayedTaskList1)
    [Anonymous Symbol]                       0x20002b64   Section        0  tasks.o(.bss.xDelayedTaskList1)
    xDelayedTaskList2                        0x20002b78   Data          20  tasks.o(.bss.xDelayedTaskList2)
    [Anonymous Symbol]                       0x20002b78   Section        0  tasks.o(.bss.xDelayedTaskList2)
    xFreeBytesRemaining                      0x20002b8c   Data           4  heap_4.o(.bss.xFreeBytesRemaining)
    [Anonymous Symbol]                       0x20002b8c   Section        0  heap_4.o(.bss.xFreeBytesRemaining)
    xIdleTaskHandles.0                       0x20002b90   Data           4  tasks.o(.bss.xIdleTaskHandles.0)
    [Anonymous Symbol]                       0x20002b90   Section        0  tasks.o(.bss.xIdleTaskHandles.0)
    xMinimumEverFreeBytesRemaining           0x20002b94   Data           4  heap_4.o(.bss.xMinimumEverFreeBytesRemaining)
    [Anonymous Symbol]                       0x20002b94   Section        0  heap_4.o(.bss.xMinimumEverFreeBytesRemaining)
    xNextTaskUnblockTime                     0x20002b98   Data           4  tasks.o(.bss.xNextTaskUnblockTime)
    [Anonymous Symbol]                       0x20002b98   Section        0  tasks.o(.bss.xNextTaskUnblockTime)
    xNumOfOverflows                          0x20002b9c   Data           4  tasks.o(.bss.xNumOfOverflows)
    [Anonymous Symbol]                       0x20002b9c   Section        0  tasks.o(.bss.xNumOfOverflows)
    xNumberOfSuccessfulAllocations           0x20002ba0   Data           4  heap_4.o(.bss.xNumberOfSuccessfulAllocations)
    [Anonymous Symbol]                       0x20002ba0   Section        0  heap_4.o(.bss.xNumberOfSuccessfulAllocations)
    xNumberOfSuccessfulFrees                 0x20002ba4   Data           4  heap_4.o(.bss.xNumberOfSuccessfulFrees)
    [Anonymous Symbol]                       0x20002ba4   Section        0  heap_4.o(.bss.xNumberOfSuccessfulFrees)
    xPendedTicks                             0x20002ba8   Data           4  tasks.o(.bss.xPendedTicks)
    [Anonymous Symbol]                       0x20002ba8   Section        0  tasks.o(.bss.xPendedTicks)
    xPendingReadyList                        0x20002bac   Data          20  tasks.o(.bss.xPendingReadyList)
    [Anonymous Symbol]                       0x20002bac   Section        0  tasks.o(.bss.xPendingReadyList)
    xSchedulerRunning                        0x20002bc0   Data           4  tasks.o(.bss.xSchedulerRunning)
    [Anonymous Symbol]                       0x20002bc0   Section        0  tasks.o(.bss.xSchedulerRunning)
    xStart                                   0x20002bc4   Data           8  heap_4.o(.bss.xStart)
    [Anonymous Symbol]                       0x20002bc4   Section        0  heap_4.o(.bss.xStart)
    xSuspendedTaskList                       0x20002bcc   Data          20  tasks.o(.bss.xSuspendedTaskList)
    [Anonymous Symbol]                       0x20002bcc   Section        0  tasks.o(.bss.xSuspendedTaskList)
    xTasksWaitingTermination                 0x20002be0   Data          20  tasks.o(.bss.xTasksWaitingTermination)
    [Anonymous Symbol]                       0x20002be0   Section        0  tasks.o(.bss.xTasksWaitingTermination)
    xTickCount                               0x20002bf4   Data           4  tasks.o(.bss.xTickCount)
    [Anonymous Symbol]                       0x20002bf4   Section        0  tasks.o(.bss.xTickCount)
    xTimerQueue                              0x20002bf8   Data           4  timers.o(.bss.xTimerQueue)
    [Anonymous Symbol]                       0x20002bf8   Section        0  timers.o(.bss.xTimerQueue)
    xTimerTaskHandle                         0x20002bfc   Data           4  timers.o(.bss.xTimerTaskHandle)
    [Anonymous Symbol]                       0x20002bfc   Section        0  timers.o(.bss.xTimerTaskHandle)
    xYieldPendings                           0x20002c00   Data           4  tasks.o(.bss.xYieldPendings)
    [Anonymous Symbol]                       0x20002c00   Section        0  tasks.o(.bss.xYieldPendings)
    Heap_Mem                                 0x20002c08   Data           0  startup_tm4c123.o(HEAP)
    Stack_Mem                                0x20002c08   Data         512  startup_tm4c123.o(STACK)
    HEAP                                     0x20002c08   Section        0  startup_tm4c123.o(HEAP)
    STACK                                    0x20002c08   Section      512  startup_tm4c123.o(STACK)
    __initial_sp                             0x20002e08   Data           0  startup_tm4c123.o(STACK)

    Global Symbols

    Symbol Name                              Value     Ov Type        Size  Object(Section)

    BuildAttributes$$THM_ISAv4$E$P$D$K$B$S$7EM$VFPi3$EXTD16$VFPS$VFMA$PE$A:L22UL41UL21$X:L11$S22US41US21$IEEE1$IW$~IW$USESV6$~STKCKD$USESV7$~SHL$OTIME$ROPI$EBA8$UX$STANDARDLIB$REQ8$PRES8$EABIv2 0x00000000   Number         0  anon$$obj.o ABSOLUTE
    __Vectors                                0x00000000   Data           4  startup_tm4c123.o(RESET)
    __ARM_exceptions_init                     - Undefined Weak Reference
    __alloca_initialize                       - Undefined Weak Reference
    __arm_preinit_                            - Undefined Weak Reference
    __arm_relocate_pie_                       - Undefined Weak Reference
    __cpp_initialize__aeabi_                  - Undefined Weak Reference
    __cxa_finalize                            - Undefined Weak Reference
    __rt_locale                               - Undefined Weak Reference
    __sigvec_lookup                           - Undefined Weak Reference
    _atexit_init                              - Undefined Weak Reference
    _call_atexit_fns                          - Undefined Weak Reference
    _clock_init                               - Undefined Weak Reference
    _fp_trap_init                             - Undefined Weak Reference
    _fp_trap_shutdown                         - Undefined Weak Reference
    _get_lc_collate                           - Undefined Weak Reference
    _get_lc_ctype                             - Undefined Weak Reference
    _get_lc_monetary                          - Undefined Weak Reference
    _get_lc_numeric                           - Undefined Weak Reference
    _get_lc_time                              - Undefined Weak Reference
    _getenv_init                              - Undefined Weak Reference
    _handle_redirection                       - Undefined Weak Reference
    _init_alloc                               - Undefined Weak Reference
    _init_user_alloc                          - Undefined Weak Reference
    _initio                                   - Undefined Weak Reference
    _rand_init                                - Undefined Weak Reference
    _signal_finish                            - Undefined Weak Reference
    _signal_init                              - Undefined Weak Reference
    _terminate_alloc                          - Undefined Weak Reference
    _terminate_user_alloc                     - Undefined Weak Reference
    _terminateio                              - Undefined Weak Reference
    __Vectors_End                            0x0000026c   Data           0  startup_tm4c123.o(RESET)
    __Vectors_Size                           0x0000026c   Number         0  startup_tm4c123.o ABSOLUTE
    __main                                   0x0000026d   Thumb Code     8  __main.o(!!!main)
    __scatterload                            0x00000275   Thumb Code     0  __scatter.o(!!!scatter)
    __scatterload_rt2                        0x00000275   Thumb Code    44  __scatter.o(!!!scatter)
    __scatterload_rt2_thumb_only             0x00000275   Thumb Code     0  __scatter.o(!!!scatter)
    __scatterload_null                       0x00000283   Thumb Code     0  __scatter.o(!!!scatter)
    __scatterload_copy                       0x000002a9   Thumb Code    26  __scatter_copy.o(!!handler_copy)
    __scatterload_zeroinit                   0x000002c5   Thumb Code    28  __scatter_zi.o(!!handler_zi)
    __rt_lib_init                            0x000002e1   Thumb Code     0  libinit.o(.ARM.Collect$$libinit$$00000000)
    __rt_lib_init_fp_1                       0x000002e3   Thumb Code     0  libinit2.o(.ARM.Collect$$libinit$$00000001)
    __rt_lib_init_alloca_1                   0x000002e7   Thumb Code     0  libinit2.o(.ARM.Collect$$libinit$$00000030)
    __rt_lib_init_argv_1                     0x000002e7   Thumb Code     0  libinit2.o(.ARM.Collect$$libinit$$0000002E)
    __rt_lib_init_atexit_1                   0x000002e7   Thumb Code     0  libinit2.o(.ARM.Collect$$libinit$$0000001D)
    __rt_lib_init_clock_1                    0x000002e7   Thumb Code     0  libinit2.o(.ARM.Collect$$libinit$$00000023)
    __rt_lib_init_cpp_1                      0x000002e7   Thumb Code     0  libinit2.o(.ARM.Collect$$libinit$$00000034)
    __rt_lib_init_exceptions_1               0x000002e7   Thumb Code     0  libinit2.o(.ARM.Collect$$libinit$$00000032)
    __rt_lib_init_fp_trap_1                  0x000002e7   Thumb Code     0  libinit2.o(.ARM.Collect$$libinit$$00000021)
    __rt_lib_init_getenv_1                   0x000002e7   Thumb Code     0  libinit2.o(.ARM.Collect$$libinit$$00000025)
    __rt_lib_init_heap_1                     0x000002e7   Thumb Code     0  libinit2.o(.ARM.Collect$$libinit$$0000000C)
    __rt_lib_init_lc_collate_1               0x000002e7   Thumb Code     0  libinit2.o(.ARM.Collect$$libinit$$00000013)
    __rt_lib_init_lc_ctype_1                 0x000002e7   Thumb Code     0  libinit2.o(.ARM.Collect$$libinit$$00000015)
    __rt_lib_init_lc_monetary_1              0x000002e7   Thumb Code     0  libinit2.o(.ARM.Collect$$libinit$$00000017)
    __rt_lib_init_lc_numeric_1               0x000002e7   Thumb Code     0  libinit2.o(.ARM.Collect$$libinit$$00000019)
    __rt_lib_init_lc_time_1                  0x000002e7   Thumb Code     0  libinit2.o(.ARM.Collect$$libinit$$0000001B)
    __rt_lib_init_preinit_1                  0x000002e7   Thumb Code     0  libinit2.o(.ARM.Collect$$libinit$$00000006)
    __rt_lib_init_rand_1                     0x000002e7   Thumb Code     0  libinit2.o(.ARM.Collect$$libinit$$00000010)
    __rt_lib_init_relocate_pie_1             0x000002e7   Thumb Code     0  libinit2.o(.ARM.Collect$$libinit$$00000004)
    __rt_lib_init_return                     0x000002e7   Thumb Code     0  libinit2.o(.ARM.Collect$$libinit$$00000035)
    __rt_lib_init_signal_1                   0x000002e7   Thumb Code     0  libinit2.o(.ARM.Collect$$libinit$$0000001F)
    __rt_lib_init_stdio_1                    0x000002e7   Thumb Code     0  libinit2.o(.ARM.Collect$$libinit$$00000027)
    __rt_lib_init_user_alloc_1               0x000002e7   Thumb Code     0  libinit2.o(.ARM.Collect$$libinit$$0000000E)
    __rt_lib_shutdown                        0x000002e9   Thumb Code     0  libshutdown.o(.ARM.Collect$$libshutdown$$00000000)
    __rt_lib_shutdown_cpp_1                  0x000002eb   Thumb Code     0  libshutdown2.o(.ARM.Collect$$libshutdown$$00000002)
    __rt_lib_shutdown_fp_trap_1              0x000002eb   Thumb Code     0  libshutdown2.o(.ARM.Collect$$libshutdown$$00000007)
    __rt_lib_shutdown_heap_1                 0x000002eb   Thumb Code     0  libshutdown2.o(.ARM.Collect$$libshutdown$$0000000F)
    __rt_lib_shutdown_return                 0x000002eb   Thumb Code     0  libshutdown2.o(.ARM.Collect$$libshutdown$$00000010)
    __rt_lib_shutdown_signal_1               0x000002eb   Thumb Code     0  libshutdown2.o(.ARM.Collect$$libshutdown$$0000000A)
    __rt_lib_shutdown_stdio_1                0x000002eb   Thumb Code     0  libshutdown2.o(.ARM.Collect$$libshutdown$$00000004)
    __rt_lib_shutdown_user_alloc_1           0x000002eb   Thumb Code     0  libshutdown2.o(.ARM.Collect$$libshutdown$$0000000C)
    __rt_entry                               0x000002ed   Thumb Code     0  __rtentry.o(.ARM.Collect$$rtentry$$00000000)
    __rt_entry_presh_1                       0x000002ed   Thumb Code     0  __rtentry2.o(.ARM.Collect$$rtentry$$00000002)
    __rt_entry_sh                            0x000002ed   Thumb Code     0  __rtentry4.o(.ARM.Collect$$rtentry$$00000004)
    __rt_entry_postsh_1                      0x000002f3   Thumb Code     0  __rtentry2.o(.ARM.Collect$$rtentry$$00000008)
    __rt_entry_li                            0x000002fb   Thumb Code     0  __rtentry2.o(.ARM.Collect$$rtentry$$0000000A)
    __rt_entry_main                          0x000002ff   Thumb Code     0  __rtentry2.o(.ARM.Collect$$rtentry$$0000000D)
    __rt_entry_postli_1                      0x000002ff   Thumb Code     0  __rtentry2.o(.ARM.Collect$$rtentry$$0000000C)
    __rt_exit                                0x00000307   Thumb Code     0  rtexit.o(.ARM.Collect$$rtexit$$00000000)
    __rt_exit_ls                             0x00000309   Thumb Code     0  rtexit2.o(.ARM.Collect$$rtexit$$00000003)
    __rt_exit_prels_1                        0x00000309   Thumb Code     0  rtexit2.o(.ARM.Collect$$rtexit$$00000002)
    __rt_exit_exit                           0x0000030d   Thumb Code     0  rtexit2.o(.ARM.Collect$$rtexit$$00000004)
    Reset_Handler                            0x00000315   Thumb Code     8  startup_tm4c123.o(.text)
    NMI_Handler                              0x0000031d   Thumb Code     2  startup_tm4c123.o(.text)
    HardFault_Handler                        0x0000031f   Thumb Code     2  startup_tm4c123.o(.text)
    MemManage_Handler                        0x00000321   Thumb Code     2  startup_tm4c123.o(.text)
    BusFault_Handler                         0x00000323   Thumb Code     2  startup_tm4c123.o(.text)
    UsageFault_Handler                       0x00000325   Thumb Code     2  startup_tm4c123.o(.text)
    DebugMon_Handler                         0x00000329   Thumb Code     2  startup_tm4c123.o(.text)
    GPIOA_Handler                            0x0000032f   Thumb Code     2  startup_tm4c123.o(.text)
    GPIOB_Handler                            0x00000331   Thumb Code     2  startup_tm4c123.o(.text)
    GPIOC_Handler                            0x00000333   Thumb Code     2  startup_tm4c123.o(.text)
    GPIOD_Handler                            0x00000335   Thumb Code     2  startup_tm4c123.o(.text)
    GPIOE_Handler                            0x00000337   Thumb Code     2  startup_tm4c123.o(.text)
    UART0_Handler                            0x00000339   Thumb Code     2  startup_tm4c123.o(.text)
    UART1_Handler                            0x0000033b   Thumb Code     2  startup_tm4c123.o(.text)
    SSI0_Handler                             0x0000033d   Thumb Code     2  startup_tm4c123.o(.text)
    I2C0_Handler                             0x0000033f   Thumb Code     2  startup_tm4c123.o(.text)
    PMW0_FAULT_Handler                       0x00000341   Thumb Code     2  startup_tm4c123.o(.text)
    PWM0_0_Handler                           0x00000343   Thumb Code     2  startup_tm4c123.o(.text)
    PWM0_1_Handler                           0x00000345   Thumb Code     2  startup_tm4c123.o(.text)
    PWM0_2_Handler                           0x00000347   Thumb Code     2  startup_tm4c123.o(.text)
    QEI0_Handler                             0x00000349   Thumb Code     2  startup_tm4c123.o(.text)
    ADC0SS0_Handler                          0x0000034b   Thumb Code     2  startup_tm4c123.o(.text)
    ADC0SS1_Handler                          0x0000034d   Thumb Code     2  startup_tm4c123.o(.text)
    ADC0SS2_Handler                          0x0000034f   Thumb Code     2  startup_tm4c123.o(.text)
    ADC0SS3_Handler                          0x00000351   Thumb Code     2  startup_tm4c123.o(.text)
    WDT0_Handler                             0x00000353   Thumb Code     2  startup_tm4c123.o(.text)
    TIMER0A_Handler                          0x00000355   Thumb Code     2  startup_tm4c123.o(.text)
    TIMER0B_Handler                          0x00000357   Thumb Code     2  startup_tm4c123.o(.text)
    TIMER1A_Handler                          0x00000359   Thumb Code     2  startup_tm4c123.o(.text)
    TIMER1B_Handler                          0x0000035b   Thumb Code     2  startup_tm4c123.o(.text)
    TIMER2A_Handler                          0x0000035d   Thumb Code     2  startup_tm4c123.o(.text)
    TIMER2B_Handler                          0x0000035f   Thumb Code     2  startup_tm4c123.o(.text)
    COMP0_Handler                            0x00000361   Thumb Code     2  startup_tm4c123.o(.text)
    COMP1_Handler                            0x00000363   Thumb Code     2  startup_tm4c123.o(.text)
    COMP2_Handler                            0x00000365   Thumb Code     2  startup_tm4c123.o(.text)
    SYSCTL_Handler                           0x00000367   Thumb Code     2  startup_tm4c123.o(.text)
    FLASH_Handler                            0x00000369   Thumb Code     2  startup_tm4c123.o(.text)
    GPIOF_Handler                            0x0000036b   Thumb Code     2  startup_tm4c123.o(.text)
    GPIOG_Handler                            0x0000036d   Thumb Code     2  startup_tm4c123.o(.text)
    GPIOH_Handler                            0x0000036f   Thumb Code     2  startup_tm4c123.o(.text)
    UART2_Handler                            0x00000371   Thumb Code     2  startup_tm4c123.o(.text)
    SSI1_Handler                             0x00000373   Thumb Code     2  startup_tm4c123.o(.text)
    TIMER3A_Handler                          0x00000375   Thumb Code     2  startup_tm4c123.o(.text)
    TIMER3B_Handler                          0x00000377   Thumb Code     2  startup_tm4c123.o(.text)
    I2C1_Handler                             0x00000379   Thumb Code     2  startup_tm4c123.o(.text)
    QEI1_Handler                             0x0000037b   Thumb Code     2  startup_tm4c123.o(.text)
    CAN0_Handler                             0x0000037d   Thumb Code     2  startup_tm4c123.o(.text)
    CAN1_Handler                             0x0000037f   Thumb Code     2  startup_tm4c123.o(.text)
    CAN2_Handler                             0x00000381   Thumb Code     2  startup_tm4c123.o(.text)
    HIB_Handler                              0x00000383   Thumb Code     2  startup_tm4c123.o(.text)
    USB0_Handler                             0x00000385   Thumb Code     2  startup_tm4c123.o(.text)
    PWM0_3_Handler                           0x00000387   Thumb Code     2  startup_tm4c123.o(.text)
    UDMA_Handler                             0x00000389   Thumb Code     2  startup_tm4c123.o(.text)
    UDMAERR_Handler                          0x0000038b   Thumb Code     2  startup_tm4c123.o(.text)
    ADC1SS0_Handler                          0x0000038d   Thumb Code     2  startup_tm4c123.o(.text)
    ADC1SS1_Handler                          0x0000038f   Thumb Code     2  startup_tm4c123.o(.text)
    ADC1SS2_Handler                          0x00000391   Thumb Code     2  startup_tm4c123.o(.text)
    ADC1SS3_Handler                          0x00000393   Thumb Code     2  startup_tm4c123.o(.text)
    GPIOJ_Handler                            0x00000395   Thumb Code     2  startup_tm4c123.o(.text)
    GPIOK_Handler                            0x00000397   Thumb Code     2  startup_tm4c123.o(.text)
    GPIOL_Handler                            0x00000399   Thumb Code     2  startup_tm4c123.o(.text)
    SSI2_Handler                             0x0000039b   Thumb Code     2  startup_tm4c123.o(.text)
    SSI3_Handler                             0x0000039d   Thumb Code     2  startup_tm4c123.o(.text)
    UART3_Handler                            0x0000039f   Thumb Code     2  startup_tm4c123.o(.text)
    UART4_Handler                            0x000003a1   Thumb Code     2  startup_tm4c123.o(.text)
    UART5_Handler                            0x000003a3   Thumb Code     2  startup_tm4c123.o(.text)
    UART6_Handler                            0x000003a5   Thumb Code     2  startup_tm4c123.o(.text)
    UART7_Handler                            0x000003a7   Thumb Code     2  startup_tm4c123.o(.text)
    I2C2_Handler                             0x000003a9   Thumb Code     2  startup_tm4c123.o(.text)
    I2C3_Handler                             0x000003ab   Thumb Code     2  startup_tm4c123.o(.text)
    TIMER4A_Handler                          0x000003ad   Thumb Code     2  startup_tm4c123.o(.text)
    TIMER4B_Handler                          0x000003af   Thumb Code     2  startup_tm4c123.o(.text)
    TIMER5A_Handler                          0x000003b1   Thumb Code     2  startup_tm4c123.o(.text)
    TIMER5B_Handler                          0x000003b3   Thumb Code     2  startup_tm4c123.o(.text)
    WTIMER0A_Handler                         0x000003b5   Thumb Code     2  startup_tm4c123.o(.text)
    WTIMER0B_Handler                         0x000003b7   Thumb Code     2  startup_tm4c123.o(.text)
    WTIMER1A_Handler                         0x000003b9   Thumb Code     2  startup_tm4c123.o(.text)
    WTIMER1B_Handler                         0x000003bb   Thumb Code     2  startup_tm4c123.o(.text)
    WTIMER2A_Handler                         0x000003bd   Thumb Code     2  startup_tm4c123.o(.text)
    WTIMER2B_Handler                         0x000003bf   Thumb Code     2  startup_tm4c123.o(.text)
    WTIMER3A_Handler                         0x000003c1   Thumb Code     2  startup_tm4c123.o(.text)
    WTIMER3B_Handler                         0x000003c3   Thumb Code     2  startup_tm4c123.o(.text)
    WTIMER4A_Handler                         0x000003c5   Thumb Code     2  startup_tm4c123.o(.text)
    WTIMER4B_Handler                         0x000003c7   Thumb Code     2  startup_tm4c123.o(.text)
    WTIMER5A_Handler                         0x000003c9   Thumb Code     2  startup_tm4c123.o(.text)
    WTIMER5B_Handler                         0x000003cb   Thumb Code     2  startup_tm4c123.o(.text)
    FPU_Handler                              0x000003cd   Thumb Code     2  startup_tm4c123.o(.text)
    I2C4_Handler                             0x000003cf   Thumb Code     2  startup_tm4c123.o(.text)
    I2C5_Handler                             0x000003d1   Thumb Code     2  startup_tm4c123.o(.text)
    GPIOM_Handler                            0x000003d3   Thumb Code     2  startup_tm4c123.o(.text)
    GPION_Handler                            0x000003d5   Thumb Code     2  startup_tm4c123.o(.text)
    QEI2_Handler                             0x000003d7   Thumb Code     2  startup_tm4c123.o(.text)
    GPIOP0_Handler                           0x000003d9   Thumb Code     2  startup_tm4c123.o(.text)
    GPIOP1_Handler                           0x000003db   Thumb Code     2  startup_tm4c123.o(.text)
    GPIOP2_Handler                           0x000003dd   Thumb Code     2  startup_tm4c123.o(.text)
    GPIOP3_Handler                           0x000003df   Thumb Code     2  startup_tm4c123.o(.text)
    GPIOP4_Handler                           0x000003e1   Thumb Code     2  startup_tm4c123.o(.text)
    GPIOP5_Handler                           0x000003e3   Thumb Code     2  startup_tm4c123.o(.text)
    GPIOP6_Handler                           0x000003e5   Thumb Code     2  startup_tm4c123.o(.text)
    GPIOP7_Handler                           0x000003e7   Thumb Code     2  startup_tm4c123.o(.text)
    GPIOQ0_Handler                           0x000003e9   Thumb Code     2  startup_tm4c123.o(.text)
    GPIOQ1_Handler                           0x000003eb   Thumb Code     2  startup_tm4c123.o(.text)
    GPIOQ2_Handler                           0x000003ed   Thumb Code     2  startup_tm4c123.o(.text)
    GPIOQ3_Handler                           0x000003ef   Thumb Code     2  startup_tm4c123.o(.text)
    GPIOQ4_Handler                           0x000003f1   Thumb Code     2  startup_tm4c123.o(.text)
    GPIOQ5_Handler                           0x000003f3   Thumb Code     2  startup_tm4c123.o(.text)
    GPIOQ6_Handler                           0x000003f5   Thumb Code     2  startup_tm4c123.o(.text)
    GPIOQ7_Handler                           0x000003f7   Thumb Code     2  startup_tm4c123.o(.text)
    GPIOR_Handler                            0x000003f9   Thumb Code     2  startup_tm4c123.o(.text)
    GPIOS_Handler                            0x000003fb   Thumb Code     2  startup_tm4c123.o(.text)
    PMW1_0_Handler                           0x000003fd   Thumb Code     2  startup_tm4c123.o(.text)
    PWM1_1_Handler                           0x000003ff   Thumb Code     2  startup_tm4c123.o(.text)
    PWM1_2_Handler                           0x00000401   Thumb Code     2  startup_tm4c123.o(.text)
    PWM1_3_Handler                           0x00000403   Thumb Code     2  startup_tm4c123.o(.text)
    PWM1_FAULT_Handler                       0x00000405   Thumb Code     2  startup_tm4c123.o(.text)
    __user_initial_stackheap                 0x00000409   Thumb Code     0  startup_tm4c123.o(.text)
    __aeabi_memcpy                           0x00000429   Thumb Code     0  rt_memcpy_v6.o(.text)
    __rt_memcpy                              0x00000429   Thumb Code   138  rt_memcpy_v6.o(.text)
    _memcpy_lastbytes                        0x0000048f   Thumb Code     0  rt_memcpy_v6.o(.text)
    __aeabi_memset4                          0x000004b3   Thumb Code    16  aeabi_memset4.o(.text)
    __aeabi_memset8                          0x000004b3   Thumb Code     0  aeabi_memset4.o(.text)
    __aeabi_memclr                           0x000004c3   Thumb Code     0  rt_memclr.o(.text)
    __rt_memclr                              0x000004c3   Thumb Code     0  rt_memclr.o(.text)
    _memset                                  0x000004c7   Thumb Code    64  rt_memclr.o(.text)
    __aeabi_memclr4                          0x00000507   Thumb Code     0  rt_memclr_w.o(.text)
    __aeabi_memclr8                          0x00000507   Thumb Code     0  rt_memclr_w.o(.text)
    __rt_memclr_w                            0x00000507   Thumb Code     0  rt_memclr_w.o(.text)
    _memset_w                                0x0000050b   Thumb Code    74  rt_memclr_w.o(.text)
    __use_two_region_memory                  0x00000555   Thumb Code     2  heapauxi.o(.text)
    __rt_heap_escrow$2region                 0x00000557   Thumb Code     2  heapauxi.o(.text)
    __rt_heap_expand$2region                 0x00000559   Thumb Code     2  heapauxi.o(.text)
    __aeabi_memcpy4                          0x0000055b   Thumb Code     0  rt_memcpy_w.o(.text)
    __aeabi_memcpy8                          0x0000055b   Thumb Code     0  rt_memcpy_w.o(.text)
    __rt_memcpy_w                            0x0000055b   Thumb Code   100  rt_memcpy_w.o(.text)
    _memcpy_lastbytes_aligned                0x000005a3   Thumb Code     0  rt_memcpy_w.o(.text)
    __user_setup_stackheap                   0x000005bf   Thumb Code    74  sys_stackheap_outer.o(.text)
    exit                                     0x00000609   Thumb Code    18  exit.o(.text)
    __user_libspace                          0x0000061d   Thumb Code     8  libspace.o(.text)
    __user_perproc_libspace                  0x0000061d   Thumb Code     0  libspace.o(.text)
    _sys_exit                                0x00000625   Thumb Code     8  sys_exit.o(.text)
    __I$use$semihosting                      0x00000631   Thumb Code     0  use_no_semi.o(.text)
    __use_no_semihosting_swi                 0x00000631   Thumb Code     2  use_no_semi.o(.text)
    __semihosting_library_function           0x00000633   Thumb Code     0  indicate_semi.o(.text)
    _fp_init                                 0x00000635   Thumb Code    22  clib_os.o(.text.$Sub$$_fp_init)
    ButtonMonitorTask                        0x0000064d   Thumb Code   190  main.o(.text.ButtonMonitorTask)
    DoorControlTask                          0x0000070d   Thumb Code   208  main.o(.text.DoorControlTask)
    GPIOPadConfigSet                         0x000007fd   Thumb Code   380  gpio.o(.text.GPIOPadConfigSet)
    GPIOPinConfigure                         0x00000979   Thumb Code    66  gpio.o(.text.GPIOPinConfigure)
    GPIOPinRead                              0x000009bd   Thumb Code     6  gpio.o(.text.GPIOPinRead)
    GPIOPinTypeGPIOInput                     0x000009c5   Thumb Code    30  gpio.o(.text.GPIOPinTypeGPIOInput)
    GPIOPinTypeGPIOOutput                    0x000009e5   Thumb Code    36  gpio.o(.text.GPIOPinTypeGPIOOutput)
    GPIOPinTypeI2C                           0x00000a09   Thumb Code    30  gpio.o(.text.GPIOPinTypeI2C)
    GPIOPinTypeI2CSCL                        0x00000a29   Thumb Code    30  gpio.o(.text.GPIOPinTypeI2CSCL)
    GPIOPinWrite                             0x00000a49   Thumb Code     6  gpio.o(.text.GPIOPinWrite)
    I2CMasterBusy                            0x00000a51   Thumb Code     8  i2c.o(.text.I2CMasterBusy)
    I2CMasterControl                         0x00000a59   Thumb Code     4  i2c.o(.text.I2CMasterControl)
    I2CMasterDataPut                         0x00000a5d   Thumb Code     4  i2c.o(.text.I2CMasterDataPut)
    I2CMasterInitExpClk                      0x00000a61   Thumb Code    90  i2c.o(.text.I2CMasterInitExpClk)
    I2CMasterSlaveAddrSet                    0x00000abd   Thumb Code     8  i2c.o(.text.I2CMasterSlaveAddrSet)
    LCD_Init                                 0x00000ac5   Thumb Code    94  main.o(.text.LCD_Init)
    LCD_SendByte                             0x00000b25   Thumb Code   170  main.o(.text.LCD_SendByte)
    PendSV_Handler                           0x00000bd1   Thumb Code   100  port.o(.text.PendSV_Handler)
    SVC_Handler                              0x00000c41   Thumb Code    36  port.o(.text.SVC_Handler)
    SysCtlClockGet                           0x00000c65   Thumb Code   332  sysctl.o(.text.SysCtlClockGet)
    SysCtlClockSet                           0x00000db1   Thumb Code   284  sysctl.o(.text.SysCtlClockSet)
    SysCtlDelay                              0x00000ecd   Thumb Code    16  sysctl.o(.text.SysCtlDelay)
    SysCtlPeripheralEnable                   0x00000edd   Thumb Code    28  sysctl.o(.text.SysCtlPeripheralEnable)
    SysTick_Handler                          0x00000ef9   Thumb Code    30  cmsis_os2.o(.text.SysTick_Handler)
    SystemInit                               0x00000f19   Thumb Code   112  system_tm4c123.o(.text.SystemInit)
    _mutex_acquire                           0x00000f89   Thumb Code    36  clib_os.o(.text._mutex_acquire)
    _mutex_free                              0x00000fad   Thumb Code    48  clib_os.o(.text._mutex_free)
    _mutex_initialize                        0x00000fdd   Thumb Code    90  clib_os.o(.text._mutex_initialize)
    _mutex_release                           0x00001039   Thumb Code    38  clib_os.o(.text._mutex_release)
    _platform_post_stackheap_init            0x00001061   Thumb Code     2  clib_os.o(.text._platform_post_stackheap_init)
    main                                     0x00001065   Thumb Code   200  main.o(.text.main)
    pvPortMalloc                             0x00001739   Thumb Code   320  heap_4.o(.text.pvPortMalloc)
    pvTaskIncrementMutexHeldCount            0x00001879   Thumb Code    24  tasks.o(.text.pvTaskIncrementMutexHeldCount)
    pxPortInitialiseStack                    0x00001891   Thumb Code    40  port.o(.text.pxPortInitialiseStack)
    uxListRemove                             0x000018b9   Thumb Code    34  list.o(.text.uxListRemove)
    vApplicationGetTimerTaskMemory           0x000018dd   Thumb Code    26  tasks.o(.text.vApplicationGetTimerTaskMemory)
    vApplicationStackOverflowHook            0x000018f9   Thumb Code     2  cmsis_os2.o(.text.vApplicationStackOverflowHook)
    vListInitialise                          0x000018fd   Thumb Code    22  list.o(.text.vListInitialise)
    vListInitialiseItem                      0x00001915   Thumb Code     6  list.o(.text.vListInitialiseItem)
    vListInsert                              0x0000191d   Thumb Code    58  list.o(.text.vListInsert)
    vPortEnterCritical                       0x0000196d   Thumb Code    32  port.o(.text.vPortEnterCritical)
    vPortExitCritical                        0x0000198d   Thumb Code    26  port.o(.text.vPortExitCritical)
    vPortFree                                0x000019a9   Thumb Code   158  heap_4.o(.text.vPortFree)
    vPortSetupTimerInterrupt                 0x00001a49   Thumb Code    52  port.o(.text.vPortSetupTimerInterrupt)
    vQueueDelete                             0x00001a7d   Thumb Code    14  queue.o(.text.vQueueDelete)
    vQueueWaitForMessageRestricted           0x00001a8d   Thumb Code    70  queue.o(.text.vQueueWaitForMessageRestricted)
    vTaskDelay                               0x00001ad5   Thumb Code   162  tasks.o(.text.vTaskDelay)
    vTaskInternalSetTimeOutState             0x00001b79   Thumb Code    26  tasks.o(.text.vTaskInternalSetTimeOutState)
    vTaskMissedYield                         0x00001b95   Thumb Code    14  tasks.o(.text.vTaskMissedYield)
    vTaskPlaceOnEventList                    0x00001ba5   Thumb Code    32  tasks.o(.text.vTaskPlaceOnEventList)
    vTaskPlaceOnEventListRestricted          0x00001bc5   Thumb Code    84  tasks.o(.text.vTaskPlaceOnEventListRestricted)
    vTaskPriorityDisinheritAfterTimeout      0x00001c19   Thumb Code   128  tasks.o(.text.vTaskPriorityDisinheritAfterTimeout)
    vTaskStartScheduler                      0x00001c99   Thumb Code   236  tasks.o(.text.vTaskStartScheduler)
    vTaskSuspendAll                          0x00001d85   Thumb Code    16  tasks.o(.text.vTaskSuspendAll)
    vTaskSwitchContext                       0x00001d95   Thumb Code   172  tasks.o(.text.vTaskSwitchContext)
    xPortStartScheduler                      0x00001e41   Thumb Code   104  port.o(.text.xPortStartScheduler)
    xPortSysTickHandler                      0x00001ea9   Thumb Code    46  port.o(.text.xPortSysTickHandler)
    xQueueCreateMutex                        0x00001ed9   Thumb Code    40  queue.o(.text.xQueueCreateMutex)
    xQueueCreateMutexStatic                  0x00001f01   Thumb Code   120  queue.o(.text.xQueueCreateMutexStatic)
    xQueueGenericCreate                      0x00001f79   Thumb Code   134  queue.o(.text.xQueueGenericCreate)
    xQueueGenericCreateStatic                0x00002001   Thumb Code   128  queue.o(.text.xQueueGenericCreateStatic)
    xQueueGenericSend                        0x00002081   Thumb Code   418  queue.o(.text.xQueueGenericSend)
    xQueueReceive                            0x00002225   Thumb Code   332  queue.o(.text.xQueueReceive)
    xQueueSemaphoreTake                      0x00002371   Thumb Code   382  queue.o(.text.xQueueSemaphoreTake)
    xTaskCheckForTimeOut                     0x000024f1   Thumb Code   132  tasks.o(.text.xTaskCheckForTimeOut)
    xTaskCreate                              0x00002575   Thumb Code   214  tasks.o(.text.xTaskCreate)
    xTaskCreateStatic                        0x0000264d   Thumb Code   168  tasks.o(.text.xTaskCreateStatic)
    xTaskGetSchedulerState                   0x000026f5   Thumb Code    38  tasks.o(.text.xTaskGetSchedulerState)
    xTaskGetTickCount                        0x0000271d   Thumb Code    12  tasks.o(.text.xTaskGetTickCount)
    xTaskIncrementTick                       0x00002729   Thumb Code   406  tasks.o(.text.xTaskIncrementTick)
    xTaskPriorityDisinherit                  0x000028c1   Thumb Code   112  tasks.o(.text.xTaskPriorityDisinherit)
    xTaskPriorityInherit                     0x00002931   Thumb Code   166  tasks.o(.text.xTaskPriorityInherit)
    xTaskRemoveFromEventList                 0x000029d9   Thumb Code   216  tasks.o(.text.xTaskRemoveFromEventList)
    xTaskResumeAll                           0x00002ab1   Thumb Code   372  tasks.o(.text.xTaskResumeAll)
    xTimerCreateTimerTask                    0x00002c25   Thumb Code   176  timers.o(.text.xTimerCreateTimerTask)
    $Super$$_fp_init                         0x00002cdd   Thumb Code    26  fpinit.o(x$fpl$fpinit)
    __fplib_config_fpu_vfp                   0x00002cf5   Thumb Code     0  fpinit.o(x$fpl$fpinit)
    __fplib_config_pureend_doubles           0x00002cf5   Thumb Code     0  fpinit.o(x$fpl$fpinit)
    Region$$Table$$Base                      0x00002df8   Number         0  anon$$obj.o(Region$$Table)
    Region$$Table$$Limit                     0x00002e18   Number         0  anon$$obj.o(Region$$Table)
    SystemCoreClock                          0x20000000   Data           4  system_tm4c123.o(.data.SystemCoreClock)
    __libspace_start                         0x20000008   Data          96  libspace.o(.bss)
    __temporary_stack_top$libspace           0x20000068   Data           0  libspace.o(.bss)
    buttonQueue                              0x20000068   Data           4  main.o(.bss.buttonQueue)
    lcdMutex                                 0x20000210   Data           4  main.o(.bss.lcdMutex)
    pxCurrentTCB                             0x200002b8   Data           4  tasks.o(.bss.pxCurrentTCB)



==============================================================================

Memory Map of the image

  Image Entry point : 0x00000315

  Load Region LR_1 (Base: 0x00000000, Size: 0x00002e20, Max: 0xffffffff, ABSOLUTE)

    Execution Region ER_RO (Exec base: 0x00000000, Load base: 0x00000000, Size: 0x00002e18, Max: 0xffffffff, ABSOLUTE)

    Exec Addr    Load Addr    Size         Type   Attr      Idx    E Section Name        Object

    0x00000000   0x00000000   0x0000026c   Data   RO          698    RESET               startup_tm4c123.o
    0x0000026c   0x0000026c   0x00000008   Code   RO         1154  * !!!main             c_w.l(__main.o)
    0x00000274   0x00000274   0x00000034   Code   RO         1319    !!!scatter          c_w.l(__scatter.o)
    0x000002a8   0x000002a8   0x0000001a   Code   RO         1321    !!handler_copy      c_w.l(__scatter_copy.o)
    0x000002c2   0x000002c2   0x00000002   PAD
    0x000002c4   0x000002c4   0x0000001c   Code   RO         1323    !!handler_zi        c_w.l(__scatter_zi.o)
    0x000002e0   0x000002e0   0x00000002   Code   RO         1183    .ARM.Collect$$libinit$$00000000  c_w.l(libinit.o)
    0x000002e2   0x000002e2   0x00000004   Code   RO         1189    .ARM.Collect$$libinit$$00000001  c_w.l(libinit2.o)
    0x000002e6   0x000002e6   0x00000000   Code   RO         1192    .ARM.Collect$$libinit$$00000004  c_w.l(libinit2.o)
    0x000002e6   0x000002e6   0x00000000   Code   RO         1194    .ARM.Collect$$libinit$$00000006  c_w.l(libinit2.o)
    0x000002e6   0x000002e6   0x00000000   Code   RO         1197    .ARM.Collect$$libinit$$0000000C  c_w.l(libinit2.o)
    0x000002e6   0x000002e6   0x00000000   Code   RO         1199    .ARM.Collect$$libinit$$0000000E  c_w.l(libinit2.o)
    0x000002e6   0x000002e6   0x00000000   Code   RO         1201    .ARM.Collect$$libinit$$00000010  c_w.l(libinit2.o)
    0x000002e6   0x000002e6   0x00000000   Code   RO         1204    .ARM.Collect$$libinit$$00000013  c_w.l(libinit2.o)
    0x000002e6   0x000002e6   0x00000000   Code   RO         1206    .ARM.Collect$$libinit$$00000015  c_w.l(libinit2.o)
    0x000002e6   0x000002e6   0x00000000   Code   RO         1208    .ARM.Collect$$libinit$$00000017  c_w.l(libinit2.o)
    0x000002e6   0x000002e6   0x00000000   Code   RO         1210    .ARM.Collect$$libinit$$00000019  c_w.l(libinit2.o)
    0x000002e6   0x000002e6   0x00000000   Code   RO         1212    .ARM.Collect$$libinit$$0000001B  c_w.l(libinit2.o)
    0x000002e6   0x000002e6   0x00000000   Code   RO         1214    .ARM.Collect$$libinit$$0000001D  c_w.l(libinit2.o)
    0x000002e6   0x000002e6   0x00000000   Code   RO         1216    .ARM.Collect$$libinit$$0000001F  c_w.l(libinit2.o)
    0x000002e6   0x000002e6   0x00000000   Code   RO         1218    .ARM.Collect$$libinit$$00000021  c_w.l(libinit2.o)
    0x000002e6   0x000002e6   0x00000000   Code   RO         1220    .ARM.Collect$$libinit$$00000023  c_w.l(libinit2.o)
    0x000002e6   0x000002e6   0x00000000   Code   RO         1222    .ARM.Collect$$libinit$$00000025  c_w.l(libinit2.o)
    0x000002e6   0x000002e6   0x00000000   Code   RO         1224    .ARM.Collect$$libinit$$00000027  c_w.l(libinit2.o)
    0x000002e6   0x000002e6   0x00000000   Code   RO         1228    .ARM.Collect$$libinit$$0000002E  c_w.l(libinit2.o)
    0x000002e6   0x000002e6   0x00000000   Code   RO         1230    .ARM.Collect$$libinit$$00000030  c_w.l(libinit2.o)
    0x000002e6   0x000002e6   0x00000000   Code   RO         1232    .ARM.Collect$$libinit$$00000032  c_w.l(libinit2.o)
    0x000002e6   0x000002e6   0x00000000   Code   RO         1234    .ARM.Collect$$libinit$$00000034  c_w.l(libinit2.o)
    0x000002e6   0x000002e6   0x00000002   Code   RO         1235    .ARM.Collect$$libinit$$00000035  c_w.l(libinit2.o)
    0x000002e8   0x000002e8   0x00000002   Code   RO         1255    .ARM.Collect$$libshutdown$$00000000  c_w.l(libshutdown.o)
    0x000002ea   0x000002ea   0x00000000   Code   RO         1270    .ARM.Collect$$libshutdown$$00000002  c_w.l(libshutdown2.o)
    0x000002ea   0x000002ea   0x00000000   Code   RO         1272    .ARM.Collect$$libshutdown$$00000004  c_w.l(libshutdown2.o)
    0x000002ea   0x000002ea   0x00000000   Code   RO         1275    .ARM.Collect$$libshutdown$$00000007  c_w.l(libshutdown2.o)
    0x000002ea   0x000002ea   0x00000000   Code   RO         1278    .ARM.Collect$$libshutdown$$0000000A  c_w.l(libshutdown2.o)
    0x000002ea   0x000002ea   0x00000000   Code   RO         1280    .ARM.Collect$$libshutdown$$0000000C  c_w.l(libshutdown2.o)
    0x000002ea   0x000002ea   0x00000000   Code   RO         1283    .ARM.Collect$$libshutdown$$0000000F  c_w.l(libshutdown2.o)
    0x000002ea   0x000002ea   0x00000002   Code   RO         1284    .ARM.Collect$$libshutdown$$00000010  c_w.l(libshutdown2.o)
    0x000002ec   0x000002ec   0x00000000   Code   RO         1158    .ARM.Collect$$rtentry$$00000000  c_w.l(__rtentry.o)
    0x000002ec   0x000002ec   0x00000000   Code   RO         1162    .ARM.Collect$$rtentry$$00000002  c_w.l(__rtentry2.o)
    0x000002ec   0x000002ec   0x00000006   Code   RO         1174    .ARM.Collect$$rtentry$$00000004  c_w.l(__rtentry4.o)
    0x000002f2   0x000002f2   0x00000008   Code   RO         1163    .ARM.Collect$$rtentry$$00000008  c_w.l(__rtentry2.o)
    0x000002fa   0x000002fa   0x00000004   Code   RO         1165    .ARM.Collect$$rtentry$$0000000A  c_w.l(__rtentry2.o)
    0x000002fe   0x000002fe   0x00000000   Code   RO         1167    .ARM.Collect$$rtentry$$0000000C  c_w.l(__rtentry2.o)
    0x000002fe   0x000002fe   0x00000008   Code   RO         1168    .ARM.Collect$$rtentry$$0000000D  c_w.l(__rtentry2.o)
    0x00000306   0x00000306   0x00000002   Code   RO         1187    .ARM.Collect$$rtexit$$00000000  c_w.l(rtexit.o)
    0x00000308   0x00000308   0x00000000   Code   RO         1237    .ARM.Collect$$rtexit$$00000002  c_w.l(rtexit2.o)
    0x00000308   0x00000308   0x00000004   Code   RO         1238    .ARM.Collect$$rtexit$$00000003  c_w.l(rtexit2.o)
    0x0000030c   0x0000030c   0x00000006   Code   RO         1239    .ARM.Collect$$rtexit$$00000004  c_w.l(rtexit2.o)
    0x00000312   0x00000312   0x00000002   PAD
    0x00000314   0x00000314   0x00000114   Code   RO          699  * .text               startup_tm4c123.o
    0x00000428   0x00000428   0x0000008a   Code   RO         1142    .text               c_w.l(rt_memcpy_v6.o)
    0x000004b2   0x000004b2   0x00000010   Code   RO         1144    .text               c_w.l(aeabi_memset4.o)
    0x000004c2   0x000004c2   0x00000044   Code   RO         1146    .text               c_w.l(rt_memclr.o)
    0x00000506   0x00000506   0x0000004e   Code   RO         1148    .text               c_w.l(rt_memclr_w.o)
    0x00000554   0x00000554   0x00000006   Code   RO         1152    .text               c_w.l(heapauxi.o)
    0x0000055a   0x0000055a   0x00000064   Code   RO         1159    .text               c_w.l(rt_memcpy_w.o)
    0x000005be   0x000005be   0x0000004a   Code   RO         1176    .text               c_w.l(sys_stackheap_outer.o)
    0x00000608   0x00000608   0x00000012   Code   RO         1178    .text               c_w.l(exit.o)
    0x0000061a   0x0000061a   0x00000002   PAD
    0x0000061c   0x0000061c   0x00000008   Code   RO         1184    .text               c_w.l(libspace.o)
    0x00000624   0x00000624   0x0000000c   Code   RO         1245    .text               c_w.l(sys_exit.o)
    0x00000630   0x00000630   0x00000002   Code   RO         1260    .text               c_w.l(use_no_semi.o)
    0x00000632   0x00000632   0x00000000   Code   RO         1262    .text               c_w.l(indicate_semi.o)
    0x00000632   0x00000632   0x00000002   PAD
    0x00000634   0x00000634   0x00000016   Code   RO          459    .text.$Sub$$_fp_init  clib_os.o
    0x0000064a   0x0000064a   0x00000002   PAD
    0x0000064c   0x0000064c   0x000000be   Code   RO           16    .text.ButtonMonitorTask  main.o
    0x0000070a   0x0000070a   0x00000002   PAD
    0x0000070c   0x0000070c   0x000000f0   Code   RO           18    .text.DoorControlTask  main.o
    0x000007fc   0x000007fc   0x0000017c   Code   RO           41    .text.GPIOPadConfigSet  gpio.o
    0x00000978   0x00000978   0x00000042   Code   RO          119    .text.GPIOPinConfigure  gpio.o
    0x000009ba   0x000009ba   0x00000002   PAD
    0x000009bc   0x000009bc   0x00000006   Code   RO           61    .text.GPIOPinRead   gpio.o
    0x000009c2   0x000009c2   0x00000002   PAD
    0x000009c4   0x000009c4   0x0000001e   Code   RO           81    .text.GPIOPinTypeGPIOInput  gpio.o
    0x000009e2   0x000009e2   0x00000002   PAD
    0x000009e4   0x000009e4   0x00000024   Code   RO           83    .text.GPIOPinTypeGPIOOutput  gpio.o
    0x00000a08   0x00000a08   0x0000001e   Code   RO           89    .text.GPIOPinTypeI2C  gpio.o
    0x00000a26   0x00000a26   0x00000002   PAD
    0x00000a28   0x00000a28   0x0000001e   Code   RO           91    .text.GPIOPinTypeI2CSCL  gpio.o
    0x00000a46   0x00000a46   0x00000002   PAD
    0x00000a48   0x00000a48   0x00000006   Code   RO           63    .text.GPIOPinWrite  gpio.o
    0x00000a4e   0x00000a4e   0x00000002   PAD
    0x00000a50   0x00000a50   0x00000008   Code   RO          196    .text.I2CMasterBusy  i2c.o
    0x00000a58   0x00000a58   0x00000004   Code   RO          200    .text.I2CMasterControl  i2c.o
    0x00000a5c   0x00000a5c   0x00000004   Code   RO          204    .text.I2CMasterDataPut  i2c.o
    0x00000a60   0x00000a60   0x0000005a   Code   RO          142    .text.I2CMasterInitExpClk  i2c.o
    0x00000aba   0x00000aba   0x00000002   PAD
    0x00000abc   0x00000abc   0x00000008   Code   RO          192    .text.I2CMasterSlaveAddrSet  i2c.o
    0x00000ac4   0x00000ac4   0x0000005e   Code   RO           10    .text.LCD_Init      main.o
    0x00000b22   0x00000b22   0x00000002   PAD
    0x00000b24   0x00000b24   0x000000aa   Code   RO            4    .text.LCD_SendByte  main.o
    0x00000bce   0x00000bce   0x00000002   PAD
    0x00000bd0   0x00000bd0   0x00000064   Code   RO          797    .text.PendSV_Handler  port.o
    0x00000c34   0x00000c34   0x0000000c   PAD
    0x00000c40   0x00000c40   0x00000024   Code   RO          781    .text.SVC_Handler   port.o
    0x00000c64   0x00000c64   0x0000014c   Code   RO          338    .text.SysCtlClockGet  sysctl.o
    0x00000db0   0x00000db0   0x0000011c   Code   RO          336    .text.SysCtlClockSet  sysctl.o
    0x00000ecc   0x00000ecc   0x00000010   Code   RO          324    .text.SysCtlDelay   sysctl.o
    0x00000edc   0x00000edc   0x0000001c   Code   RO          276    .text.SysCtlPeripheralEnable  sysctl.o
    0x00000ef8   0x00000ef8   0x0000001e   Code   RO          483    .text.SysTick_Handler  cmsis_os2.o
    0x00000f16   0x00000f16   0x00000002   PAD
    0x00000f18   0x00000f18   0x00000070   Code   RO          708    .text.SystemInit    system_tm4c123.o
    0x00000f88   0x00000f88   0x00000024   Code   RO          465    .text._mutex_acquire  clib_os.o
    0x00000fac   0x00000fac   0x00000030   Code   RO          469    .text._mutex_free   clib_os.o
    0x00000fdc   0x00000fdc   0x0000005a   Code   RO          463    .text._mutex_initialize  clib_os.o
    0x00001036   0x00001036   0x00000002   PAD
    0x00001038   0x00001038   0x00000026   Code   RO          467    .text._mutex_release  clib_os.o
    0x0000105e   0x0000105e   0x00000002   PAD
    0x00001060   0x00001060   0x00000002   Code   RO          457    .text._platform_post_stackheap_init  clib_os.o
    0x00001062   0x00001062   0x00000002   PAD
    0x00001064   0x00001064   0x000000dc   Code   RO           20    .text.main          main.o
    0x00001140   0x00001140   0x000000b2   Code   RO          927    .text.prvAddCurrentTaskToDelayedList  tasks.o
    0x000011f2   0x000011f2   0x00000002   PAD
    0x000011f4   0x000011f4   0x00000132   Code   RO          917    .text.prvAddNewTaskToReadyList  tasks.o
    0x00001326   0x00001326   0x00000002   PAD
    0x00001328   0x00001328   0x00000064   Code   RO          957    .text.prvCheckTasksWaitingTermination  tasks.o
    0x0000138c   0x0000138c   0x0000002a   Code   RO         1039    .text.prvIdleTask   tasks.o
    0x000013b6   0x000013b6   0x00000002   PAD
    0x000013b8   0x000013b8   0x00000028   Code   RO          789    .text.prvPortStartFirstTask  port.o
    0x000013e0   0x000013e0   0x00000082   Code   RO         1122    .text.prvProcessExpiredTimer  timers.o
    0x00001462   0x00001462   0x00000002   PAD
    0x00001464   0x00001464   0x00000022   Code   RO          779    .text.prvTaskExitError  port.o
    0x00001486   0x00001486   0x00000002   PAD
    0x00001488   0x00001488   0x0000023a   Code   RO         1078    .text.prvTimerTask  timers.o
    0x000016c2   0x000016c2   0x00000002   PAD
    0x000016c4   0x000016c4   0x00000074   Code   RO          869    .text.prvUnlockQueue  queue.o
    0x00001738   0x00001738   0x00000140   Code   RO          810    .text.pvPortMalloc  heap_4.o
    0x00001878   0x00001878   0x00000018   Code   RO         1017    .text.pvTaskIncrementMutexHeldCount  tasks.o
    0x00001890   0x00001890   0x00000028   Code   RO          777    .text.pxPortInitialiseStack  port.o
    0x000018b8   0x000018b8   0x00000022   Code   RO          767    .text.uxListRemove  list.o
    0x000018da   0x000018da   0x00000002   PAD
    0x000018dc   0x000018dc   0x0000001a   Code   RO         1035    .text.vApplicationGetTimerTaskMemory  tasks.o
    0x000018f6   0x000018f6   0x00000002   PAD
    0x000018f8   0x000018f8   0x00000002   Code   RO          629    .text.vApplicationStackOverflowHook  cmsis_os2.o
    0x000018fa   0x000018fa   0x00000002   PAD
    0x000018fc   0x000018fc   0x00000016   Code   RO          759    .text.vListInitialise  list.o
    0x00001912   0x00001912   0x00000002   PAD
    0x00001914   0x00001914   0x00000006   Code   RO          761    .text.vListInitialiseItem  list.o
    0x0000191a   0x0000191a   0x00000002   PAD
    0x0000191c   0x0000191c   0x0000003a   Code   RO          765    .text.vListInsert   list.o
    0x00001956   0x00001956   0x00000002   PAD
    0x00001958   0x00001958   0x00000014   Code   RO          787    .text.vPortEnableVFP  port.o
    0x0000196c   0x0000196c   0x00000020   Code   RO          793    .text.vPortEnterCritical  port.o
    0x0000198c   0x0000198c   0x0000001a   Code   RO          795    .text.vPortExitCritical  port.o
    0x000019a6   0x000019a6   0x00000002   PAD
    0x000019a8   0x000019a8   0x0000009e   Code   RO          812    .text.vPortFree     heap_4.o
    0x00001a46   0x00001a46   0x00000002   PAD
    0x00001a48   0x00001a48   0x00000034   Code   RO          785    .text.vPortSetupTimerInterrupt  port.o
    0x00001a7c   0x00001a7c   0x0000000e   Code   RO          889    .text.vQueueDelete  queue.o
    0x00001a8a   0x00001a8a   0x00000002   PAD
    0x00001a8c   0x00001a8c   0x00000046   Code   RO          905    .text.vQueueWaitForMessageRestricted  queue.o
    0x00001ad2   0x00001ad2   0x00000002   PAD
    0x00001ad4   0x00001ad4   0x000000a2   Code   RO          931    .text.vTaskDelay    tasks.o
    0x00001b76   0x00001b76   0x00000002   PAD
    0x00001b78   0x00001b78   0x0000001a   Code   RO          989    .text.vTaskInternalSetTimeOutState  tasks.o
    0x00001b92   0x00001b92   0x00000002   PAD
    0x00001b94   0x00001b94   0x0000000e   Code   RO          993    .text.vTaskMissedYield  tasks.o
    0x00001ba2   0x00001ba2   0x00000002   PAD
    0x00001ba4   0x00001ba4   0x00000020   Code   RO          977    .text.vTaskPlaceOnEventList  tasks.o
    0x00001bc4   0x00001bc4   0x00000054   Code   RO          981    .text.vTaskPlaceOnEventListRestricted  tasks.o
    0x00001c18   0x00001c18   0x00000080   Code   RO         1013    .text.vTaskPriorityDisinheritAfterTimeout  tasks.o
    0x00001c98   0x00001c98   0x000000ec   Code   RO          953    .text.vTaskStartScheduler  tasks.o
    0x00001d84   0x00001d84   0x00000010   Code   RO          925    .text.vTaskSuspendAll  tasks.o
    0x00001d94   0x00001d94   0x000000ac   Code   RO          947    .text.vTaskSwitchContext  tasks.o
    0x00001e40   0x00001e40   0x00000068   Code   RO          783    .text.xPortStartScheduler  port.o
    0x00001ea8   0x00001ea8   0x0000002e   Code   RO          799    .text.xPortSysTickHandler  port.o
    0x00001ed6   0x00001ed6   0x00000002   PAD
    0x00001ed8   0x00001ed8   0x00000028   Code   RO          849    .text.xQueueCreateMutex  queue.o
    0x00001f00   0x00001f00   0x00000078   Code   RO          851    .text.xQueueCreateMutexStatic  queue.o
    0x00001f78   0x00001f78   0x00000086   Code   RO          847    .text.xQueueGenericCreate  queue.o
    0x00001ffe   0x00001ffe   0x00000002   PAD
    0x00002000   0x00002000   0x00000080   Code   RO          843    .text.xQueueGenericCreateStatic  queue.o
    0x00002080   0x00002080   0x000001a2   Code   RO          859    .text.xQueueGenericSend  queue.o
    0x00002222   0x00002222   0x00000002   PAD
    0x00002224   0x00002224   0x0000014c   Code   RO          875    .text.xQueueReceive  queue.o
    0x00002370   0x00002370   0x0000017e   Code   RO          863    .text.xQueueSemaphoreTake  queue.o
    0x000024ee   0x000024ee   0x00000002   PAD
    0x000024f0   0x000024f0   0x00000084   Code   RO          991    .text.xTaskCheckForTimeOut  tasks.o
    0x00002574   0x00002574   0x000000d6   Code   RO          919    .text.xTaskCreate   tasks.o
    0x0000264a   0x0000264a   0x00000002   PAD
    0x0000264c   0x0000264c   0x000000a8   Code   RO          915    .text.xTaskCreateStatic  tasks.o
    0x000026f4   0x000026f4   0x00000026   Code   RO         1007    .text.xTaskGetSchedulerState  tasks.o
    0x0000271a   0x0000271a   0x00000002   PAD
    0x0000271c   0x0000271c   0x0000000c   Code   RO          961    .text.xTaskGetTickCount  tasks.o
    0x00002728   0x00002728   0x00000196   Code   RO          959    .text.xTaskIncrementTick  tasks.o
    0x000028be   0x000028be   0x00000002   PAD
    0x000028c0   0x000028c0   0x00000070   Code   RO         1011    .text.xTaskPriorityDisinherit  tasks.o
    0x00002930   0x00002930   0x000000a6   Code   RO         1009    .text.xTaskPriorityInherit  tasks.o
    0x000029d6   0x000029d6   0x00000002   PAD
    0x000029d8   0x000029d8   0x000000d8   Code   RO          983    .text.xTaskRemoveFromEventList  tasks.o
    0x00002ab0   0x00002ab0   0x00000174   Code   RO          929    .text.xTaskResumeAll  tasks.o
    0x00002c24   0x00002c24   0x000000b8   Code   RO         1076    .text.xTimerCreateTimerTask  timers.o
    0x00002cdc   0x00002cdc   0x0000001a   Code   RO         1156    x$fpl$fpinit        fz_wm.l(fpinit.o)
    0x00002cf6   0x00002cf6   0x00000002   PAD
    0x00002cf8   0x00002cf8   0x00000090   Data   RO          131    .rodata.g_pui32GPIOBaseAddrs  gpio.o
    0x00002d88   0x00002d88   0x0000006c   Data   RO          372    .rodata.g_pui32Xtals  sysctl.o
    0x00002df4   0x00002df4   0x00000004   Data   RO         1058    .rodata.uxTopUsedPriority  tasks.o
    0x00002df8   0x00002df8   0x00000020   Data   RO         1318    Region$$Table       anon$$obj.o


    Execution Region ER_RW (Exec base: 0x20000000, Load base: 0x00002e18, Size: 0x00000008, Max: 0xffffffff, ABSOLUTE)

    Exec Addr    Load Addr    Size         Type   Attr      Idx    E Section Name        Object

    0x20000000   0x00002e18   0x00000004   Data   RW          710    .data.SystemCoreClock  system_tm4c123.o
    0x20000004   0x00002e1c   0x00000004   Data   RW          801    .data.uxCriticalNesting  port.o


    Execution Region ER_ZI (Exec base: 0x20000008, Load base: 0x00002e20, Size: 0x00002e00, Max: 0xffffffff, ABSOLUTE)

    Exec Addr    Load Addr    Size         Type   Attr      Idx    E Section Name        Object

    0x20000008        -       0x00000060   Zero   RW         1185    .bss                c_w.l(libspace.o)
    0x20000068        -       0x00000004   Zero   RW           22    .bss.buttonQueue    main.o
    0x2000006c        -       0x00000190   Zero   RW          474    .bss.clib_mutex_cb  clib_os.o
    0x200001fc        -       0x00000014   Zero   RW          473    .bss.clib_mutex_id  clib_os.o
    0x20000210        -       0x00000004   Zero   RW           23    .bss.lcdMutex       main.o
    0x20000214        -       0x00000050   Zero   RW         1132    .bss.prvCheckForValidListAndQueue.ucStaticTimerQueueStorage  timers.o
    0x20000264        -       0x00000050   Zero   RW         1131    .bss.prvCheckForValidListAndQueue.xStaticTimerQueue  timers.o
    0x200002b4        -       0x00000004   Zero   RW         1128    .bss.prvSampleTimeNow.xLastTime  timers.o
    0x200002b8        -       0x00000004   Zero   RW         1041    .bss.pxCurrentTCB   tasks.o
    0x200002bc        -       0x00000004   Zero   RW         1126    .bss.pxCurrentTimerList  timers.o
    0x200002c0        -       0x00000004   Zero   RW         1048    .bss.pxDelayedTaskList  tasks.o
    0x200002c4        -       0x00000004   Zero   RW          826    .bss.pxEnd          heap_4.o
    0x200002c8        -       0x00000004   Zero   RW         1049    .bss.pxOverflowDelayedTaskList  tasks.o
    0x200002cc        -       0x00000004   Zero   RW         1127    .bss.pxOverflowTimerList  timers.o
    0x200002d0        -       0x00000460   Zero   RW         1052    .bss.pxReadyTasksLists  tasks.o
    0x20000730        -       0x00002000   Zero   RW          832    .bss.ucHeap         heap_4.o
    0x20002730        -       0x00000004   Zero   RW         1046    .bss.uxCurrentNumberOfTasks  tasks.o
    0x20002734        -       0x00000004   Zero   RW         1045    .bss.uxDeletedTasksWaitingCleanUp  tasks.o
    0x20002738        -       0x00000004   Zero   RW         1054    .bss.uxSchedulerSuspended  tasks.o
    0x2000273c        -       0x00000004   Zero   RW         1042    .bss.uxTaskNumber   tasks.o
    0x20002740        -       0x00000004   Zero   RW         1053    .bss.uxTopReadyPriority  tasks.o
    0x20002744        -       0x00000200   Zero   RW         1062    .bss.vApplicationGetIdleTaskMemory.uxIdleTaskStack  tasks.o
    0x20002944        -       0x0000005c   Zero   RW         1061    .bss.vApplicationGetIdleTaskMemory.xIdleTaskTCB  tasks.o
    0x200029a0        -       0x00000140   Zero   RW         1064    .bss.vApplicationGetTimerTaskMemory.uxTimerTaskStack  tasks.o
    0x20002ae0        -       0x0000005c   Zero   RW         1063    .bss.vApplicationGetTimerTaskMemory.xTimerTaskTCB  tasks.o
    0x20002b3c        -       0x00000014   Zero   RW         1129    .bss.xActiveTimerList1  timers.o
    0x20002b50        -       0x00000014   Zero   RW         1130    .bss.xActiveTimerList2  timers.o
    0x20002b64        -       0x00000014   Zero   RW         1065    .bss.xDelayedTaskList1  tasks.o
    0x20002b78        -       0x00000014   Zero   RW         1066    .bss.xDelayedTaskList2  tasks.o
    0x20002b8c        -       0x00000004   Zero   RW          827    .bss.xFreeBytesRemaining  heap_4.o
    0x20002b90        -       0x00000004   Zero   RW         1057    .bss.xIdleTaskHandles.0  tasks.o
    0x20002b94        -       0x00000004   Zero   RW          829    .bss.xMinimumEverFreeBytesRemaining  heap_4.o
    0x20002b98        -       0x00000004   Zero   RW         1056    .bss.xNextTaskUnblockTime  tasks.o
    0x20002b9c        -       0x00000004   Zero   RW         1060    .bss.xNumOfOverflows  tasks.o
    0x20002ba0        -       0x00000004   Zero   RW          830    .bss.xNumberOfSuccessfulAllocations  heap_4.o
    0x20002ba4        -       0x00000004   Zero   RW          831    .bss.xNumberOfSuccessfulFrees  heap_4.o
    0x20002ba8        -       0x00000004   Zero   RW         1059    .bss.xPendedTicks   tasks.o
    0x20002bac        -       0x00000014   Zero   RW         1050    .bss.xPendingReadyList  tasks.o
    0x20002bc0        -       0x00000004   Zero   RW         1043    .bss.xSchedulerRunning  tasks.o
    0x20002bc4        -       0x00000008   Zero   RW          828    .bss.xStart         heap_4.o
    0x20002bcc        -       0x00000014   Zero   RW         1051    .bss.xSuspendedTaskList  tasks.o
    0x20002be0        -       0x00000014   Zero   RW         1044    .bss.xTasksWaitingTermination  tasks.o
    0x20002bf4        -       0x00000004   Zero   RW         1047    .bss.xTickCount     tasks.o
    0x20002bf8        -       0x00000004   Zero   RW         1124    .bss.xTimerQueue    timers.o
    0x20002bfc        -       0x00000004   Zero   RW         1125    .bss.xTimerTaskHandle  timers.o
    0x20002c00        -       0x00000004   Zero   RW         1055    .bss.xYieldPendings  tasks.o
    0x20002c04   0x00002e20   0x00000004   PAD
    0x20002c08        -       0x00000000   Zero   RW          697    HEAP                startup_tm4c123.o
    0x20002c08        -       0x00000200   Zero   RW          696    STACK               startup_tm4c123.o


==============================================================================

Image component sizes


      Code (inc. data)   RO Data    RW Data    ZI Data      Debug   Object Name

       236          0          0          0        420       4562   clib_os.o
        32          0          0          0          0      56207   cmsis_os2.o
       584          0        144          0          0      14152   gpio.o
       478          0          0          0       8220       5082   heap_4.o
       114          0          0          0          0      10154   i2c.o
       120          0          0          0          0       2302   list.o
       914         52          0          0          8       4790   main.o
       530         16          0          4          0       3045   port.o
      1754          0          0          0          0      22011   queue.o
       276         24        620          0        512       5464   startup_tm4c123.o
       660         16        108          0          0      13656   sysctl.o
       112          0          0          4          0       6488   system_tm4c123.o
      3382          0          4          0       2296      41816   tasks.o
       884         18          0          0        220      15107   timers.o

    ----------------------------------------------------------------------
     10172        138        908          8      11680     204836   Object Totals
         0          0         32          0          0          0   (incl. Generated)
        96         12          0          0          4          0   (incl. Padding)

    ----------------------------------------------------------------------

      Code (inc. data)   RO Data    RW Data    ZI Data      Debug   Library Member Name

         8          0          0          0          0         68   __main.o
         0          0          0          0          0          0   __rtentry.o
        20          0          0          0          0          0   __rtentry2.o
         6          0          0          0          0          0   __rtentry4.o
        52          8          0          0          0          0   __scatter.o
        26          0          0          0          0          0   __scatter_copy.o
        28          0          0          0          0          0   __scatter_zi.o
        16          0          0          0          0         68   aeabi_memset4.o
        18          0          0          0          0         80   exit.o
         6          0          0          0          0        152   heapauxi.o
         0          0          0          0          0          0   indicate_semi.o
         2          0          0          0          0          0   libinit.o
         6          0          0          0          0          0   libinit2.o
         2          0          0          0          0          0   libshutdown.o
         2          0          0          0          0          0   libshutdown2.o
         8          4          0          0         96         68   libspace.o
        68          0          0          0          0         68   rt_memclr.o
        78          0          0          0          0         80   rt_memclr_w.o
       138          0          0          0          0         68   rt_memcpy_v6.o
       100          0          0          0          0         80   rt_memcpy_w.o
         2          0          0          0          0          0   rtexit.o
        10          0          0          0          0          0   rtexit2.o
        12          4          0          0          0         68   sys_exit.o
        74          0          0          0          0         80   sys_stackheap_outer.o
         2          0          0          0          0         68   use_no_semi.o
        26          0          0          0          0        116   fpinit.o

    ----------------------------------------------------------------------
       720         16          0          0         96       1064   Library Totals
        10          0          0          0          0          0   (incl. Padding)

    ----------------------------------------------------------------------

      Code (inc. data)   RO Data    RW Data    ZI Data      Debug   Library Name

       684         16          0          0         96        948   c_w.l
        26          0          0          0          0        116   fz_wm.l

    ----------------------------------------------------------------------
       720         16          0          0         96       1064   Library Totals

    ----------------------------------------------------------------------

==============================================================================


      Code (inc. data)   RO Data    RW Data    ZI Data      Debug   

     10892        154        908          8      11776     205244   Grand Totals
     10892        154        908          8      11776     205244   ELF Image Totals
     10892        154        908          8          0          0   ROM Totals

==============================================================================

    Total RO  Size (Code + RO Data)                11800 (  11.52kB)
    Total RW  Size (RW Data + ZI Data)             11784 (  11.51kB)
    Total ROM Size (Code + RO Data + RW Data)      11808 (  11.53kB)

==============================================================================

